Archive member included to satisfy reference by file (symbol)

/home/thanh/st/stm32cubeide_1.6.1_3/plugins/com.st.stm32cube.ide.mcu.externaltools.gnu-tools-for-stm32.9-2020-q2-update.linux64_1.5.0.202011040924/tools/bin/../lib/gcc/arm-none-eabi/9.3.1/../../../../arm-none-eabi/lib/thumb/v7e-m+fp/hard/libc_nano.a(lib_a-exit.o)
                              /home/thanh/st/stm32cubeide_1.6.1_3/plugins/com.st.stm32cube.ide.mcu.externaltools.gnu-tools-for-stm32.9-2020-q2-update.linux64_1.5.0.202011040924/tools/bin/../lib/gcc/arm-none-eabi/9.3.1/../../../../arm-none-eabi/lib/thumb/v7e-m+fp/hard/crt0.o (exit)
/home/thanh/st/stm32cubeide_1.6.1_3/plugins/com.st.stm32cube.ide.mcu.externaltools.gnu-tools-for-stm32.9-2020-q2-update.linux64_1.5.0.202011040924/tools/bin/../lib/gcc/arm-none-eabi/9.3.1/../../../../arm-none-eabi/lib/thumb/v7e-m+fp/hard/libc_nano.a(lib_a-impure.o)
                              /home/thanh/st/stm32cubeide_1.6.1_3/plugins/com.st.stm32cube.ide.mcu.externaltools.gnu-tools-for-stm32.9-2020-q2-update.linux64_1.5.0.202011040924/tools/bin/../lib/gcc/arm-none-eabi/9.3.1/../../../../arm-none-eabi/lib/thumb/v7e-m+fp/hard/libc_nano.a(lib_a-exit.o) (_global_impure_ptr)
/home/thanh/st/stm32cubeide_1.6.1_3/plugins/com.st.stm32cube.ide.mcu.externaltools.gnu-tools-for-stm32.9-2020-q2-update.linux64_1.5.0.202011040924/tools/bin/../lib/gcc/arm-none-eabi/9.3.1/../../../../arm-none-eabi/lib/thumb/v7e-m+fp/hard/libc_nano.a(lib_a-init.o)
                              /home/thanh/st/stm32cubeide_1.6.1_3/plugins/com.st.stm32cube.ide.mcu.externaltools.gnu-tools-for-stm32.9-2020-q2-update.linux64_1.5.0.202011040924/tools/bin/../lib/gcc/arm-none-eabi/9.3.1/../../../../arm-none-eabi/lib/thumb/v7e-m+fp/hard/crt0.o (__libc_init_array)
/home/thanh/st/stm32cubeide_1.6.1_3/plugins/com.st.stm32cube.ide.mcu.externaltools.gnu-tools-for-stm32.9-2020-q2-update.linux64_1.5.0.202011040924/tools/bin/../lib/gcc/arm-none-eabi/9.3.1/../../../../arm-none-eabi/lib/thumb/v7e-m+fp/hard/libc_nano.a(lib_a-memset.o)
                              /home/thanh/st/stm32cubeide_1.6.1_3/plugins/com.st.stm32cube.ide.mcu.externaltools.gnu-tools-for-stm32.9-2020-q2-update.linux64_1.5.0.202011040924/tools/bin/../lib/gcc/arm-none-eabi/9.3.1/../../../../arm-none-eabi/lib/thumb/v7e-m+fp/hard/crt0.o (memset)
/home/thanh/st/stm32cubeide_1.6.1_3/plugins/com.st.stm32cube.ide.mcu.externaltools.gnu-tools-for-stm32.9-2020-q2-update.linux64_1.5.0.202011040924/tools/bin/../lib/gcc/arm-none-eabi/9.3.1/thumb/v7e-m+fp/hard/libgcc.a(_aeabi_uldivmod.o)
                              HAL/STM32F4xx_HAL_Driver/Src/stm32f4xx_hal_rcc .o (__aeabi_uldivmod)
/home/thanh/st/stm32cubeide_1.6.1_3/plugins/com.st.stm32cube.ide.mcu.externaltools.gnu-tools-for-stm32.9-2020-q2-update.linux64_1.5.0.202011040924/tools/bin/../lib/gcc/arm-none-eabi/9.3.1/thumb/v7e-m+fp/hard/libgcc.a(_udivmoddi4.o)
                              /home/thanh/st/stm32cubeide_1.6.1_3/plugins/com.st.stm32cube.ide.mcu.externaltools.gnu-tools-for-stm32.9-2020-q2-update.linux64_1.5.0.202011040924/tools/bin/../lib/gcc/arm-none-eabi/9.3.1/thumb/v7e-m+fp/hard/libgcc.a(_aeabi_uldivmod.o) (__udivmoddi4)
/home/thanh/st/stm32cubeide_1.6.1_3/plugins/com.st.stm32cube.ide.mcu.externaltools.gnu-tools-for-stm32.9-2020-q2-update.linux64_1.5.0.202011040924/tools/bin/../lib/gcc/arm-none-eabi/9.3.1/thumb/v7e-m+fp/hard/libgcc.a(_dvmd_tls.o)
                              /home/thanh/st/stm32cubeide_1.6.1_3/plugins/com.st.stm32cube.ide.mcu.externaltools.gnu-tools-for-stm32.9-2020-q2-update.linux64_1.5.0.202011040924/tools/bin/../lib/gcc/arm-none-eabi/9.3.1/thumb/v7e-m+fp/hard/libgcc.a(_aeabi_uldivmod.o) (__aeabi_ldiv0)
/home/thanh/st/stm32cubeide_1.6.1_3/plugins/com.st.stm32cube.ide.mcu.externaltools.gnu-tools-for-stm32.9-2020-q2-update.linux64_1.5.0.202011040924/tools/bin/../lib/gcc/arm-none-eabi/9.3.1/../../../../arm-none-eabi/lib/thumb/v7e-m+fp/hard/libnosys.a(_exit.o)
                              /home/thanh/st/stm32cubeide_1.6.1_3/plugins/com.st.stm32cube.ide.mcu.externaltools.gnu-tools-for-stm32.9-2020-q2-update.linux64_1.5.0.202011040924/tools/bin/../lib/gcc/arm-none-eabi/9.3.1/../../../../arm-none-eabi/lib/thumb/v7e-m+fp/hard/libc_nano.a(lib_a-exit.o) (_exit)

Allocating common symbols
Common symbol       size              file

htim4               0x48              Peripherals/Src/tim.o
uwTick              0x4               HAL/STM32F4xx_HAL_Driver/Src/stm32f4xx_hal .o
pFlash              0x20              HAL/STM32F4xx_HAL_Driver/Src/stm32f4xx_hal_flash .o
htim5               0x48              Peripherals/Src/tim.o
htim3               0x48              Peripherals/Src/tim.o
huart1              0x44              Peripherals/Src/uart1.o
spi1Handle          0x58              Peripherals/Src/spi.o

Discarded input sections

[...]
Memory Configuration

Name             Origin             Length             Attributes
RAM              0x0000000020000000 0x0000000000020000 xrw
FLASH            0x0000000008000000 0x0000000000080000 xr
*default*        0x0000000000000000 0xffffffffffffffff

Linker script and memory map

LOAD /home/thanh/st/stm32cubeide_1.6.1_3/plugins/com.st.stm32cube.ide.mcu.externaltools.gnu-tools-for-stm32.9-2020-q2-update.linux64_1.5.0.202011040924/tools/bin/../lib/gcc/arm-none-eabi/9.3.1/thumb/v7e-m+fp/hard/crti.o
LOAD /home/thanh/st/stm32cubeide_1.6.1_3/plugins/com.st.stm32cube.ide.mcu.externaltools.gnu-tools-for-stm32.9-2020-q2-update.linux64_1.5.0.202011040924/tools/bin/../lib/gcc/arm-none-eabi/9.3.1/thumb/v7e-m+fp/hard/crtbegin.o
LOAD /home/thanh/st/stm32cubeide_1.6.1_3/plugins/com.st.stm32cube.ide.mcu.externaltools.gnu-tools-for-stm32.9-2020-q2-update.linux64_1.5.0.202011040924/tools/bin/../lib/gcc/arm-none-eabi/9.3.1/../../../../arm-none-eabi/lib/thumb/v7e-m+fp/hard/crt0.o
LOAD Core/Src/main.o
LOAD Core/Src/stm32f4xx_it.o
LOAD Core/Src/system_stm32f4xx.o
LOAD HAL/STM32F4xx_HAL_Driver/Src/stm32f4xx_hal .o
LOAD HAL/STM32F4xx_HAL_Driver/Src/stm32f4xx_hal_adc .o
LOAD HAL/STM32F4xx_HAL_Driver/Src/stm32f4xx_hal_adc_ex .o
LOAD HAL/STM32F4xx_HAL_Driver/Src/stm32f4xx_hal_cortex.o
LOAD HAL/STM32F4xx_HAL_Driver/Src/stm32f4xx_hal_crc .o
LOAD HAL/STM32F4xx_HAL_Driver/Src/stm32f4xx_hal_dma .o
LOAD HAL/STM32F4xx_HAL_Driver/Src/stm32f4xx_hal_dma2d .o
LOAD HAL/STM32F4xx_HAL_Driver/Src/stm32f4xx_hal_dma_ex .o
LOAD HAL/STM32F4xx_HAL_Driver/Src/stm32f4xx_hal_exti .o
LOAD HAL/STM32F4xx_HAL_Driver/Src/stm32f4xx_hal_flash .o
LOAD HAL/STM32F4xx_HAL_Driver/Src/stm32f4xx_hal_flash_ex .o
LOAD HAL/STM32F4xx_HAL_Driver/Src/stm32f4xx_hal_gpio .o
LOAD HAL/STM32F4xx_HAL_Driver/Src/stm32f4xx_hal_i2c .o
LOAD HAL/STM32F4xx_HAL_Driver/Src/stm32f4xx_hal_i2c_ex .o
LOAD HAL/STM32F4xx_HAL_Driver/Src/stm32f4xx_hal_i2s .o
LOAD HAL/STM32F4xx_HAL_Driver/Src/stm32f4xx_hal_i2s_ex .o
LOAD HAL/STM32F4xx_HAL_Driver/Src/stm32f4xx_hal_pwr .o
LOAD HAL/STM32F4xx_HAL_Driver/Src/stm32f4xx_hal_pwr_ex.o
LOAD HAL/STM32F4xx_HAL_Driver/Src/stm32f4xx_hal_rcc .o
LOAD HAL/STM32F4xx_HAL_Driver/Src/stm32f4xx_hal_rcc_ex .o
LOAD HAL/STM32F4xx_HAL_Driver/Src/stm32f4xx_hal_rtc .o
LOAD HAL/STM32F4xx_HAL_Driver/Src/stm32f4xx_hal_rtc_ex .o
LOAD HAL/STM32F4xx_HAL_Driver/Src/stm32f4xx_hal_spi .o
LOAD HAL/STM32F4xx_HAL_Driver/Src/stm32f4xx_hal_tim .o
LOAD HAL/STM32F4xx_HAL_Driver/Src/stm32f4xx_hal_tim_ex .o
LOAD HAL/STM32F4xx_HAL_Driver/Src/stm32f4xx_hal_uart .o
LOAD HAL/STM32F4xx_HAL_Driver/Src/stm32f4xx_hal_usart .o
LOAD Peripherals/Src/exti.o
LOAD Peripherals/Src/gpio.o
LOAD Peripherals/Src/i2c.o
LOAD Peripherals/Src/rcc.o
LOAD Peripherals/Src/spi.o
LOAD Peripherals/Src/tim.o
LOAD Peripherals/Src/uart1.o
LOAD Startup/startup_stm32f411vetx.o
START GROUP
LOAD /home/thanh/st/stm32cubeide_1.6.1_3/plugins/com.st.stm32cube.ide.mcu.externaltools.gnu-tools-for-stm32.9-2020-q2-update.linux64_1.5.0.202011040924/tools/bin/../lib/gcc/arm-none-eabi/9.3.1/../../../../arm-none-eabi/lib/thumb/v7e-m+fp/hard/libc_nano.a
LOAD /home/thanh/st/stm32cubeide_1.6.1_3/plugins/com.st.stm32cube.ide.mcu.externaltools.gnu-tools-for-stm32.9-2020-q2-update.linux64_1.5.0.202011040924/tools/bin/../lib/gcc/arm-none-eabi/9.3.1/../../../../arm-none-eabi/lib/thumb/v7e-m+fp/hard/libm.a
END GROUP
START GROUP
LOAD /home/thanh/st/stm32cubeide_1.6.1_3/plugins/com.st.stm32cube.ide.mcu.externaltools.gnu-tools-for-stm32.9-2020-q2-update.linux64_1.5.0.202011040924/tools/bin/../lib/gcc/arm-none-eabi/9.3.1/thumb/v7e-m+fp/hard/libgcc.a
LOAD /home/thanh/st/stm32cubeide_1.6.1_3/plugins/com.st.stm32cube.ide.mcu.externaltools.gnu-tools-for-stm32.9-2020-q2-update.linux64_1.5.0.202011040924/tools/bin/../lib/gcc/arm-none-eabi/9.3.1/../../../../arm-none-eabi/lib/thumb/v7e-m+fp/hard/libc_nano.a
END GROUP
START GROUP
LOAD /home/thanh/st/stm32cubeide_1.6.1_3/plugins/com.st.stm32cube.ide.mcu.externaltools.gnu-tools-for-stm32.9-2020-q2-update.linux64_1.5.0.202011040924/tools/bin/../lib/gcc/arm-none-eabi/9.3.1/thumb/v7e-m+fp/hard/libgcc.a
LOAD /home/thanh/st/stm32cubeide_1.6.1_3/plugins/com.st.stm32cube.ide.mcu.externaltools.gnu-tools-for-stm32.9-2020-q2-update.linux64_1.5.0.202011040924/tools/bin/../lib/gcc/arm-none-eabi/9.3.1/../../../../arm-none-eabi/lib/thumb/v7e-m+fp/hard/libc_nano.a
LOAD /home/thanh/st/stm32cubeide_1.6.1_3/plugins/com.st.stm32cube.ide.mcu.externaltools.gnu-tools-for-stm32.9-2020-q2-update.linux64_1.5.0.202011040924/tools/bin/../lib/gcc/arm-none-eabi/9.3.1/../../../../arm-none-eabi/lib/thumb/v7e-m+fp/hard/libnosys.a
END GROUP
START GROUP
LOAD /home/thanh/st/stm32cubeide_1.6.1_3/plugins/com.st.stm32cube.ide.mcu.externaltools.gnu-tools-for-stm32.9-2020-q2-update.linux64_1.5.0.202011040924/tools/bin/../lib/gcc/arm-none-eabi/9.3.1/thumb/v7e-m+fp/hard/libgcc.a
LOAD /home/thanh/st/stm32cubeide_1.6.1_3/plugins/com.st.stm32cube.ide.mcu.externaltools.gnu-tools-for-stm32.9-2020-q2-update.linux64_1.5.0.202011040924/tools/bin/../lib/gcc/arm-none-eabi/9.3.1/../../../../arm-none-eabi/lib/thumb/v7e-m+fp/hard/libc_nano.a
LOAD /home/thanh/st/stm32cubeide_1.6.1_3/plugins/com.st.stm32cube.ide.mcu.externaltools.gnu-tools-for-stm32.9-2020-q2-update.linux64_1.5.0.202011040924/tools/bin/../lib/gcc/arm-none-eabi/9.3.1/../../../../arm-none-eabi/lib/thumb/v7e-m+fp/hard/libnosys.a
END GROUP
LOAD /home/thanh/st/stm32cubeide_1.6.1_3/plugins/com.st.stm32cube.ide.mcu.externaltools.gnu-tools-for-stm32.9-2020-q2-update.linux64_1.5.0.202011040924/tools/bin/../lib/gcc/arm-none-eabi/9.3.1/thumb/v7e-m+fp/hard/crtend.o
LOAD /home/thanh/st/stm32cubeide_1.6.1_3/plugins/com.st.stm32cube.ide.mcu.externaltools.gnu-tools-for-stm32.9-2020-q2-update.linux64_1.5.0.202011040924/tools/bin/../lib/gcc/arm-none-eabi/9.3.1/thumb/v7e-m+fp/hard/crtn.o
                0x0000000020020000                _estack = (ORIGIN (RAM) + LENGTH (RAM))
                0x0000000000000200                _Min_Heap_Size = 0x200
                0x0000000000000400                _Min_Stack_Size = 0x400

.isr_vector     0x0000000008000000      0x198
                0x0000000008000000                . = ALIGN (0x4)
 *(.isr_vector)
 .isr_vector    0x0000000008000000      0x198 Startup/startup_stm32f411vetx.o
                0x0000000008000000                g_pfnVectors
                0x0000000008000198                . = ALIGN (0x4)

.text           0x0000000008000198     0x122c
                0x0000000008000198                . = ALIGN (0x4)
 *(.text)
 .text          0x0000000008000198       0x40 /home/thanh/st/stm32cubeide_1.6.1_3/plugins/com.st.stm32cube.ide.mcu.externaltools.gnu-tools-for-stm32.9-2020-q2-update.linux64_1.5.0.202011040924/tools/bin/../lib/gcc/arm-none-eabi/9.3.1/thumb/v7e-m+fp/hard/crtbegin.o
 .text          0x00000000080001d8       0x30 /home/thanh/st/stm32cubeide_1.6.1_3/plugins/com.st.stm32cube.ide.mcu.externaltools.gnu-tools-for-stm32.9-2020-q2-update.linux64_1.5.0.202011040924/tools/bin/../lib/gcc/arm-none-eabi/9.3.1/thumb/v7e-m+fp/hard/libgcc.a(_aeabi_uldivmod.o)
                0x00000000080001d8                __aeabi_uldivmod
 .text          0x0000000008000208      0x2c4 /home/thanh/st/stm32cubeide_1.6.1_3/plugins/com.st.stm32cube.ide.mcu.externaltools.gnu-tools-for-stm32.9-2020-q2-update.linux64_1.5.0.202011040924/tools/bin/../lib/gcc/arm-none-eabi/9.3.1/thumb/v7e-m+fp/hard/libgcc.a(_udivmoddi4.o)
                0x0000000008000208                __udivmoddi4
 .text          0x00000000080004cc        0x4 /home/thanh/st/stm32cubeide_1.6.1_3/plugins/com.st.stm32cube.ide.mcu.externaltools.gnu-tools-for-stm32.9-2020-q2-update.linux64_1.5.0.202011040924/tools/bin/../lib/gcc/arm-none-eabi/9.3.1/thumb/v7e-m+fp/hard/libgcc.a(_dvmd_tls.o)
                0x00000000080004cc                __aeabi_ldiv0
                0x00000000080004cc                __aeabi_idiv0
 *(.text*)
 .text.main     0x00000000080004d0       0x44 Core/Src/main.o
                0x00000000080004d0                main
 .text.SystemInit
                0x0000000008000514       0x24 Core/Src/system_stm32f4xx.o
                0x0000000008000514                SystemInit
 .text.HAL_Init
                0x0000000008000538       0x44 HAL/STM32F4xx_HAL_Driver/Src/stm32f4xx_hal .o
                0x0000000008000538                HAL_Init
 .text.HAL_MspInit
                0x000000000800057c        0xe HAL/STM32F4xx_HAL_Driver/Src/stm32f4xx_hal .o
                0x000000000800057c                HAL_MspInit
 *fill*         0x000000000800058a        0x2 
 .text.HAL_InitTick
                0x000000000800058c       0x60 HAL/STM32F4xx_HAL_Driver/Src/stm32f4xx_hal .o
                0x000000000800058c                HAL_InitTick
 .text.HAL_GetTick
                0x00000000080005ec       0x18 HAL/STM32F4xx_HAL_Driver/Src/stm32f4xx_hal .o
                0x00000000080005ec                HAL_GetTick
 .text.__NVIC_SetPriorityGrouping
                0x0000000008000604       0x48 HAL/STM32F4xx_HAL_Driver/Src/stm32f4xx_hal_cortex.o
 .text.__NVIC_GetPriorityGrouping
                0x000000000800064c       0x1c HAL/STM32F4xx_HAL_Driver/Src/stm32f4xx_hal_cortex.o
 .text.__NVIC_SetPriority
                0x0000000008000668       0x54 HAL/STM32F4xx_HAL_Driver/Src/stm32f4xx_hal_cortex.o
 .text.NVIC_EncodePriority
                0x00000000080006bc       0x66 HAL/STM32F4xx_HAL_Driver/Src/stm32f4xx_hal_cortex.o
 *fill*         0x0000000008000722        0x2 
 .text.SysTick_Config
                0x0000000008000724       0x44 HAL/STM32F4xx_HAL_Driver/Src/stm32f4xx_hal_cortex.o
 .text.HAL_NVIC_SetPriorityGrouping
                0x0000000008000768       0x16 HAL/STM32F4xx_HAL_Driver/Src/stm32f4xx_hal_cortex.o
                0x0000000008000768                HAL_NVIC_SetPriorityGrouping
 .text.HAL_NVIC_SetPriority
                0x000000000800077e       0x38 HAL/STM32F4xx_HAL_Driver/Src/stm32f4xx_hal_cortex.o
                0x000000000800077e                HAL_NVIC_SetPriority
 .text.HAL_SYSTICK_Config
                0x00000000080007b6       0x18 HAL/STM32F4xx_HAL_Driver/Src/stm32f4xx_hal_cortex.o
                0x00000000080007b6                HAL_SYSTICK_Config
 *fill*         0x00000000080007ce        0x2 
 .text.HAL_GPIO_Init
                0x00000000080007d0      0x308 HAL/STM32F4xx_HAL_Driver/Src/stm32f4xx_hal_gpio .o
                0x00000000080007d0                HAL_GPIO_Init
 .text.HAL_GPIO_TogglePin
                0x0000000008000ad8       0x34 HAL/STM32F4xx_HAL_Driver/Src/stm32f4xx_hal_gpio .o
                0x0000000008000ad8                HAL_GPIO_TogglePin
 .text.HAL_RCC_GetHCLKFreq
                0x0000000008000b0c       0x18 HAL/STM32F4xx_HAL_Driver/Src/stm32f4xx_hal_rcc .o
                0x0000000008000b0c                HAL_RCC_GetHCLKFreq
 .text.HAL_RCC_GetPCLK1Freq
                0x0000000008000b24       0x28 HAL/STM32F4xx_HAL_Driver/Src/stm32f4xx_hal_rcc .o
                0x0000000008000b24                HAL_RCC_GetPCLK1Freq
 .text.HAL_RCC_GetPCLK2Freq
                0x0000000008000b4c       0x28 HAL/STM32F4xx_HAL_Driver/Src/stm32f4xx_hal_rcc .o
                0x0000000008000b4c                HAL_RCC_GetPCLK2Freq
 .text.HAL_UART_Init
                0x0000000008000b74       0x9a HAL/STM32F4xx_HAL_Driver/Src/stm32f4xx_hal_uart .o
                0x0000000008000b74                HAL_UART_Init
 .text.HAL_UART_MspInit
                0x0000000008000c0e       0x14 HAL/STM32F4xx_HAL_Driver/Src/stm32f4xx_hal_uart .o
                0x0000000008000c0e                HAL_UART_MspInit
 *fill*         0x0000000008000c22        0x2 
 .text.UART_SetConfig
                0x0000000008000c24      0x390 HAL/STM32F4xx_HAL_Driver/Src/stm32f4xx_hal_uart .o
 .text.HAL_USART_Transmit
                0x0000000008000fb4      0x120 HAL/STM32F4xx_HAL_Driver/Src/stm32f4xx_hal_usart .o
                0x0000000008000fb4                HAL_USART_Transmit
 .text.USART_WaitOnFlagUntilTimeout
                0x00000000080010d4       0xac HAL/STM32F4xx_HAL_Driver/Src/stm32f4xx_hal_usart .o
 .text.gpio_LED_config
                0x0000000008001180       0x5c Peripherals/Src/gpio.o
                0x0000000008001180                gpio_LED_config
 .text.gpio_LED_toggle
                0x00000000080011dc       0x20 Peripherals/Src/gpio.o
                0x00000000080011dc                gpio_LED_toggle
 .text.uart_UART1_GPIO_config
                0x00000000080011fc       0xc0 Peripherals/Src/uart1.o
                0x00000000080011fc                uart_UART1_GPIO_config
 .text.uart_UAR1_config
                0x00000000080012bc       0x54 Peripherals/Src/uart1.o
                0x00000000080012bc                uart_UAR1_config
 .text.Reset_Handler
                0x0000000008001310       0x50 Startup/startup_stm32f411vetx.o
                0x0000000008001310                Reset_Handler
 .text.Default_Handler
                0x0000000008001360        0x2 Startup/startup_stm32f411vetx.o
                0x0000000008001360                RTC_Alarm_IRQHandler
                0x0000000008001360                EXTI2_IRQHandler
                0x0000000008001360                DebugMon_Handler
                0x0000000008001360                SPI4_IRQHandler
                0x0000000008001360                TIM1_CC_IRQHandler
                0x0000000008001360                DMA2_Stream5_IRQHandler
                0x0000000008001360                HardFault_Handler
                0x0000000008001360                DMA1_Stream5_IRQHandler
                0x0000000008001360                SysTick_Handler
                0x0000000008001360                PVD_IRQHandler
                0x0000000008001360                SDIO_IRQHandler
                0x0000000008001360                TAMP_STAMP_IRQHandler
                0x0000000008001360                PendSV_Handler
                0x0000000008001360                NMI_Handler
                0x0000000008001360                EXTI3_IRQHandler
                0x0000000008001360                TIM1_UP_TIM10_IRQHandler
                0x0000000008001360                I2C3_ER_IRQHandler
                0x0000000008001360                EXTI0_IRQHandler
                0x0000000008001360                I2C2_EV_IRQHandler
                0x0000000008001360                DMA1_Stream2_IRQHandler
                0x0000000008001360                FPU_IRQHandler
                0x0000000008001360                UsageFault_Handler
                0x0000000008001360                DMA2_Stream2_IRQHandler
                0x0000000008001360                SPI1_IRQHandler
                0x0000000008001360                TIM1_BRK_TIM9_IRQHandler
                0x0000000008001360                DMA2_Stream3_IRQHandler
                0x0000000008001360                USART6_IRQHandler
                0x0000000008001360                DMA2_Stream0_IRQHandler
                0x0000000008001360                TIM4_IRQHandler
                0x0000000008001360                I2C1_EV_IRQHandler
                0x0000000008001360                DMA1_Stream6_IRQHandler
                0x0000000008001360                DMA1_Stream1_IRQHandler
                0x0000000008001360                TIM3_IRQHandler
                0x0000000008001360                RCC_IRQHandler
                0x0000000008001360                Default_Handler
                0x0000000008001360                EXTI15_10_IRQHandler
                0x0000000008001360                ADC_IRQHandler
                0x0000000008001360                DMA1_Stream7_IRQHandler
                0x0000000008001360                SPI5_IRQHandler
                0x0000000008001360                TIM5_IRQHandler
                0x0000000008001360                DMA2_Stream7_IRQHandler
                0x0000000008001360                I2C3_EV_IRQHandler
                0x0000000008001360                EXTI9_5_IRQHandler
                0x0000000008001360                RTC_WKUP_IRQHandler
                0x0000000008001360                SPI2_IRQHandler
                0x0000000008001360                MemManage_Handler
                0x0000000008001360                DMA1_Stream0_IRQHandler
                0x0000000008001360                SVC_Handler
                0x0000000008001360                EXTI4_IRQHandler
                0x0000000008001360                WWDG_IRQHandler
                0x0000000008001360                TIM2_IRQHandler
                0x0000000008001360                OTG_FS_WKUP_IRQHandler
                0x0000000008001360                TIM1_TRG_COM_TIM11_IRQHandler
                0x0000000008001360                EXTI1_IRQHandler
                0x0000000008001360                USART2_IRQHandler
                0x0000000008001360                I2C2_ER_IRQHandler
                0x0000000008001360                DMA2_Stream1_IRQHandler
                0x0000000008001360                FLASH_IRQHandler
                0x0000000008001360                DMA2_Stream4_IRQHandler
                0x0000000008001360                BusFault_Handler
                0x0000000008001360                USART1_IRQHandler
                0x0000000008001360                OTG_FS_IRQHandler
                0x0000000008001360                SPI3_IRQHandler
                0x0000000008001360                DMA1_Stream4_IRQHandler
                0x0000000008001360                I2C1_ER_IRQHandler
                0x0000000008001360                DMA2_Stream6_IRQHandler
                0x0000000008001360                DMA1_Stream3_IRQHandler
 *fill*         0x0000000008001362        0x2 
 .text.__libc_init_array
                0x0000000008001364       0x48 /home/thanh/st/stm32cubeide_1.6.1_3/plugins/com.st.stm32cube.ide.mcu.externaltools.gnu-tools-for-stm32.9-2020-q2-update.linux64_1.5.0.202011040924/tools/bin/../lib/gcc/arm-none-eabi/9.3.1/../../../../arm-none-eabi/lib/thumb/v7e-m+fp/hard/libc_nano.a(lib_a-init.o)
                0x0000000008001364                __libc_init_array
 *(.glue_7)
 .glue_7        0x00000000080013ac        0x0 linker stubs
 *(.glue_7t)
 .glue_7t       0x00000000080013ac        0x0 linker stubs
 *(.eh_frame)
 .eh_frame      0x00000000080013ac        0x0 /home/thanh/st/stm32cubeide_1.6.1_3/plugins/com.st.stm32cube.ide.mcu.externaltools.gnu-tools-for-stm32.9-2020-q2-update.linux64_1.5.0.202011040924/tools/bin/../lib/gcc/arm-none-eabi/9.3.1/thumb/v7e-m+fp/hard/crtbegin.o
 *(.init)
 .init          0x00000000080013ac        0x4 /home/thanh/st/stm32cubeide_1.6.1_3/plugins/com.st.stm32cube.ide.mcu.externaltools.gnu-tools-for-stm32.9-2020-q2-update.linux64_1.5.0.202011040924/tools/bin/../lib/gcc/arm-none-eabi/9.3.1/thumb/v7e-m+fp/hard/crti.o
                0x00000000080013ac                _init
 .init          0x00000000080013b0        0x8 /home/thanh/st/stm32cubeide_1.6.1_3/plugins/com.st.stm32cube.ide.mcu.externaltools.gnu-tools-for-stm32.9-2020-q2-update.linux64_1.5.0.202011040924/tools/bin/../lib/gcc/arm-none-eabi/9.3.1/thumb/v7e-m+fp/hard/crtn.o
 *(.fini)
 .fini          0x00000000080013b8        0x4 /home/thanh/st/stm32cubeide_1.6.1_3/plugins/com.st.stm32cube.ide.mcu.externaltools.gnu-tools-for-stm32.9-2020-q2-update.linux64_1.5.0.202011040924/tools/bin/../lib/gcc/arm-none-eabi/9.3.1/thumb/v7e-m+fp/hard/crti.o
                0x00000000080013b8                _fini
 .fini          0x00000000080013bc        0x8 /home/thanh/st/stm32cubeide_1.6.1_3/plugins/com.st.stm32cube.ide.mcu.externaltools.gnu-tools-for-stm32.9-2020-q2-update.linux64_1.5.0.202011040924/tools/bin/../lib/gcc/arm-none-eabi/9.3.1/thumb/v7e-m+fp/hard/crtn.o
                0x00000000080013c4                . = ALIGN (0x4)
                0x00000000080013c4                _etext = .

.vfp11_veneer   0x00000000080013c4        0x0
 .vfp11_veneer  0x00000000080013c4        0x0 linker stubs

.v4_bx          0x00000000080013c4        0x0
 .v4_bx         0x00000000080013c4        0x0 linker stubs

.iplt           0x00000000080013c4        0x0
 .iplt          0x00000000080013c4        0x0 /home/thanh/st/stm32cubeide_1.6.1_3/plugins/com.st.stm32cube.ide.mcu.externaltools.gnu-tools-for-stm32.9-2020-q2-update.linux64_1.5.0.202011040924/tools/bin/../lib/gcc/arm-none-eabi/9.3.1/thumb/v7e-m+fp/hard/crtbegin.o

.rodata         0x00000000080013c4        0x8
                0x00000000080013c4                . = ALIGN (0x4)
 *(.rodata)
 *(.rodata*)
 .rodata.APBPrescTable
                0x00000000080013c4        0x8 Core/Src/system_stm32f4xx.o
                0x00000000080013c4                APBPrescTable
                0x00000000080013cc                . = ALIGN (0x4)

.ARM.extab      0x00000000080013cc        0x0
                0x00000000080013cc                . = ALIGN (0x4)
 *(.ARM.extab* .gnu.linkonce.armextab.*)
                0x00000000080013cc                . = ALIGN (0x4)

.ARM            0x00000000080013cc        0x8
                0x00000000080013cc                . = ALIGN (0x4)
                0x00000000080013cc                __exidx_start = .
 *(.ARM.exidx*)
 .ARM.exidx     0x00000000080013cc        0x8 /home/thanh/st/stm32cubeide_1.6.1_3/plugins/com.st.stm32cube.ide.mcu.externaltools.gnu-tools-for-stm32.9-2020-q2-update.linux64_1.5.0.202011040924/tools/bin/../lib/gcc/arm-none-eabi/9.3.1/thumb/v7e-m+fp/hard/libgcc.a(_udivmoddi4.o)
                0x00000000080013d4                __exidx_end = .
                0x00000000080013d4                . = ALIGN (0x4)

.rel.dyn        0x00000000080013d4        0x0
 .rel.iplt      0x00000000080013d4        0x0 /home/thanh/st/stm32cubeide_1.6.1_3/plugins/com.st.stm32cube.ide.mcu.externaltools.gnu-tools-for-stm32.9-2020-q2-update.linux64_1.5.0.202011040924/tools/bin/../lib/gcc/arm-none-eabi/9.3.1/thumb/v7e-m+fp/hard/crtbegin.o

.preinit_array  0x00000000080013d4        0x0
                0x00000000080013d4                . = ALIGN (0x4)
                0x00000000080013d4                PROVIDE (__preinit_array_start = .)
 *(.preinit_array*)
                0x00000000080013d4                PROVIDE (__preinit_array_end = .)
                0x00000000080013d4                . = ALIGN (0x4)

.init_array     0x00000000080013d4        0x4
                0x00000000080013d4                . = ALIGN (0x4)
                0x00000000080013d4                PROVIDE (__init_array_start = .)
 *(SORT_BY_NAME(.init_array.*))
 *(.init_array*)
 .init_array    0x00000000080013d4        0x4 /home/thanh/st/stm32cubeide_1.6.1_3/plugins/com.st.stm32cube.ide.mcu.externaltools.gnu-tools-for-stm32.9-2020-q2-update.linux64_1.5.0.202011040924/tools/bin/../lib/gcc/arm-none-eabi/9.3.1/thumb/v7e-m+fp/hard/crtbegin.o
                0x00000000080013d8                PROVIDE (__init_array_end = .)
                0x00000000080013d8                . = ALIGN (0x4)

.fini_array     0x00000000080013d8        0x4
                0x00000000080013d8                . = ALIGN (0x4)
                [!provide]                        PROVIDE (__fini_array_start = .)
 *(SORT_BY_NAME(.fini_array.*))
 *(.fini_array*)
 .fini_array    0x00000000080013d8        0x4 /home/thanh/st/stm32cubeide_1.6.1_3/plugins/com.st.stm32cube.ide.mcu.externaltools.gnu-tools-for-stm32.9-2020-q2-update.linux64_1.5.0.202011040924/tools/bin/../lib/gcc/arm-none-eabi/9.3.1/thumb/v7e-m+fp/hard/crtbegin.o
                [!provide]                        PROVIDE (__fini_array_end = .)
                0x00000000080013dc                . = ALIGN (0x4)
                0x00000000080013dc                _sidata = LOADADDR (.data)

.data           0x0000000020000000        0xc load address 0x00000000080013dc
                0x0000000020000000                . = ALIGN (0x4)
                0x0000000020000000                _sdata = .
 *(.data)
 *(.data*)
 .data.SystemCoreClock
                0x0000000020000000        0x4 Core/Src/system_stm32f4xx.o
                0x0000000020000000                SystemCoreClock
 .data.uwTickPrio
                0x0000000020000004        0x4 HAL/STM32F4xx_HAL_Driver/Src/stm32f4xx_hal .o
                0x0000000020000004                uwTickPrio
 .data.uwTickFreq
                0x0000000020000008        0x1 HAL/STM32F4xx_HAL_Driver/Src/stm32f4xx_hal .o
                0x0000000020000008                uwTickFreq
 *(.RamFunc)
 *(.RamFunc*)
                0x000000002000000c                . = ALIGN (0x4)
 *fill*         0x0000000020000009        0x3 
                0x000000002000000c                _edata = .

.igot.plt       0x000000002000000c        0x0 load address 0x00000000080013e8
 .igot.plt      0x000000002000000c        0x0 /home/thanh/st/stm32cubeide_1.6.1_3/plugins/com.st.stm32cube.ide.mcu.externaltools.gnu-tools-for-stm32.9-2020-q2-update.linux64_1.5.0.202011040924/tools/bin/../lib/gcc/arm-none-eabi/9.3.1/thumb/v7e-m+fp/hard/crtbegin.o
                0x000000002000000c                . = ALIGN (0x4)

.bss            0x000000002000000c       0x64 load address 0x00000000080013e8
                0x000000002000000c                _sbss = .
                0x000000002000000c                __bss_start__ = _sbss
 *(.bss)
 .bss           0x000000002000000c       0x1c /home/thanh/st/stm32cubeide_1.6.1_3/plugins/com.st.stm32cube.ide.mcu.externaltools.gnu-tools-for-stm32.9-2020-q2-update.linux64_1.5.0.202011040924/tools/bin/../lib/gcc/arm-none-eabi/9.3.1/thumb/v7e-m+fp/hard/crtbegin.o
 *(.bss*)
 *(COMMON)
 COMMON         0x0000000020000028        0x4 HAL/STM32F4xx_HAL_Driver/Src/stm32f4xx_hal .o
                0x0000000020000028                uwTick
 COMMON         0x000000002000002c       0x44 Peripherals/Src/uart1.o
                0x000000002000002c                huart1
                0x0000000020000070                . = ALIGN (0x4)
                0x0000000020000070                _ebss = .
                0x0000000020000070                __bss_end__ = _ebss

._user_heap_stack
                0x0000000020000070      0x600 load address 0x00000000080013e8
                0x0000000020000070                . = ALIGN (0x8)
                [!provide]                        PROVIDE (end = .)
                [!provide]                        PROVIDE (_end = .)
                0x0000000020000270                . = (. + _Min_Heap_Size)
 *fill*         0x0000000020000070      0x200 
                0x0000000020000670                . = (. + _Min_Stack_Size)
 *fill*         0x0000000020000270      0x400 
                0x0000000020000670                . = ALIGN (0x8)

/DISCARD/
 libc.a(*)
 libm.a(*)
 libgcc.a(*)

.ARM.attributes
                0x0000000000000000       0x30
 *(.ARM.attributes)
 .ARM.attributes
                0x0000000000000000       0x1e /home/thanh/st/stm32cubeide_1.6.1_3/plugins/com.st.stm32cube.ide.mcu.externaltools.gnu-tools-for-stm32.9-2020-q2-update.linux64_1.5.0.202011040924/tools/bin/../lib/gcc/arm-none-eabi/9.3.1/thumb/v7e-m+fp/hard/crti.o
 .ARM.attributes
                0x000000000000001e       0x34 /home/thanh/st/stm32cubeide_1.6.1_3/plugins/com.st.stm32cube.ide.mcu.externaltools.gnu-tools-for-stm32.9-2020-q2-update.linux64_1.5.0.202011040924/tools/bin/../lib/gcc/arm-none-eabi/9.3.1/thumb/v7e-m+fp/hard/crtbegin.o
 .ARM.attributes
                0x0000000000000052       0x34 Core/Src/main.o
 .ARM.attributes
                0x0000000000000086       0x34 Core/Src/system_stm32f4xx.o
 .ARM.attributes
                0x00000000000000ba       0x34 HAL/STM32F4xx_HAL_Driver/Src/stm32f4xx_hal .o
 .ARM.attributes
                0x00000000000000ee       0x34 HAL/STM32F4xx_HAL_Driver/Src/stm32f4xx_hal_cortex.o
 .ARM.attributes
                0x0000000000000122       0x34 HAL/STM32F4xx_HAL_Driver/Src/stm32f4xx_hal_gpio .o
 .ARM.attributes
                0x0000000000000156       0x34 HAL/STM32F4xx_HAL_Driver/Src/stm32f4xx_hal_rcc .o
 .ARM.attributes
                0x000000000000018a       0x34 HAL/STM32F4xx_HAL_Driver/Src/stm32f4xx_hal_uart .o
 .ARM.attributes
                0x00000000000001be       0x34 HAL/STM32F4xx_HAL_Driver/Src/stm32f4xx_hal_usart .o
 .ARM.attributes
                0x00000000000001f2       0x34 Peripherals/Src/gpio.o
 .ARM.attributes
                0x0000000000000226       0x34 Peripherals/Src/uart1.o
 .ARM.attributes
                0x000000000000025a       0x21 Startup/startup_stm32f411vetx.o
 .ARM.attributes
                0x000000000000027b       0x34 /home/thanh/st/stm32cubeide_1.6.1_3/plugins/com.st.stm32cube.ide.mcu.externaltools.gnu-tools-for-stm32.9-2020-q2-update.linux64_1.5.0.202011040924/tools/bin/../lib/gcc/arm-none-eabi/9.3.1/../../../../arm-none-eabi/lib/thumb/v7e-m+fp/hard/libc_nano.a(lib_a-init.o)
 .ARM.attributes
                0x00000000000002af       0x1e /home/thanh/st/stm32cubeide_1.6.1_3/plugins/com.st.stm32cube.ide.mcu.externaltools.gnu-tools-for-stm32.9-2020-q2-update.linux64_1.5.0.202011040924/tools/bin/../lib/gcc/arm-none-eabi/9.3.1/thumb/v7e-m+fp/hard/libgcc.a(_aeabi_uldivmod.o)
 .ARM.attributes
                0x00000000000002cd       0x34 /home/thanh/st/stm32cubeide_1.6.1_3/plugins/com.st.stm32cube.ide.mcu.externaltools.gnu-tools-for-stm32.9-2020-q2-update.linux64_1.5.0.202011040924/tools/bin/../lib/gcc/arm-none-eabi/9.3.1/thumb/v7e-m+fp/hard/libgcc.a(_udivmoddi4.o)
 .ARM.attributes
                0x0000000000000301       0x1e /home/thanh/st/stm32cubeide_1.6.1_3/plugins/com.st.stm32cube.ide.mcu.externaltools.gnu-tools-for-stm32.9-2020-q2-update.linux64_1.5.0.202011040924/tools/bin/../lib/gcc/arm-none-eabi/9.3.1/thumb/v7e-m+fp/hard/libgcc.a(_dvmd_tls.o)
 .ARM.attributes
                0x000000000000031f       0x1e /home/thanh/st/stm32cubeide_1.6.1_3/plugins/com.st.stm32cube.ide.mcu.externaltools.gnu-tools-for-stm32.9-2020-q2-update.linux64_1.5.0.202011040924/tools/bin/../lib/gcc/arm-none-eabi/9.3.1/thumb/v7e-m+fp/hard/crtn.o
OUTPUT(STM32_LV2.elf elf32-littlearm)
LOAD linker stubs
LOAD /home/thanh/st/stm32cubeide_1.6.1_3/plugins/com.st.stm32cube.ide.mcu.externaltools.gnu-tools-for-stm32.9-2020-q2-update.linux64_1.5.0.202011040924/tools/bin/../lib/gcc/arm-none-eabi/9.3.1/../../../../arm-none-eabi/lib/thumb/v7e-m+fp/hard/libc.a
LOAD /home/thanh/st/stm32cubeide_1.6.1_3/plugins/com.st.stm32cube.ide.mcu.externaltools.gnu-tools-for-stm32.9-2020-q2-update.linux64_1.5.0.202011040924/tools/bin/../lib/gcc/arm-none-eabi/9.3.1/../../../../arm-none-eabi/lib/thumb/v7e-m+fp/hard/libm.a
LOAD /home/thanh/st/stm32cubeide_1.6.1_3/plugins/com.st.stm32cube.ide.mcu.externaltools.gnu-tools-for-stm32.9-2020-q2-update.linux64_1.5.0.202011040924/tools/bin/../lib/gcc/arm-none-eabi/9.3.1/thumb/v7e-m+fp/hard/libgcc.a

.debug_info     0x0000000000000000     0x84e8
 .debug_info    0x0000000000000000      0xc7c Core/Src/main.o
 .debug_info    0x0000000000000c7c      0x5d0 Core/Src/system_stm32f4xx.o
 .debug_info    0x000000000000124c      0x944 HAL/STM32F4xx_HAL_Driver/Src/stm32f4xx_hal .o
 .debug_info    0x0000000000001b90      0xe47 HAL/STM32F4xx_HAL_Driver/Src/stm32f4xx_hal_cortex.o
 .debug_info    0x00000000000029d7      0x862 HAL/STM32F4xx_HAL_Driver/Src/stm32f4xx_hal_gpio .o
 .debug_info    0x0000000000003239      0x9be HAL/STM32F4xx_HAL_Driver/Src/stm32f4xx_hal_rcc .o
 .debug_info    0x0000000000003bf7     0x165d HAL/STM32F4xx_HAL_Driver/Src/stm32f4xx_hal_uart .o
 .debug_info    0x0000000000005254     0x1237 HAL/STM32F4xx_HAL_Driver/Src/stm32f4xx_hal_usart .o
 .debug_info    0x000000000000648b     0x1033 Peripherals/Src/gpio.o
 .debug_info    0x00000000000074be     0x1008 Peripherals/Src/uart1.o
 .debug_info    0x00000000000084c6       0x22 Startup/startup_stm32f411vetx.o

.debug_abbrev   0x0000000000000000     0x1548
 .debug_abbrev  0x0000000000000000      0x189 Core/Src/main.o
 .debug_abbrev  0x0000000000000189      0x145 Core/Src/system_stm32f4xx.o
 .debug_abbrev  0x00000000000002ce      0x21e HAL/STM32F4xx_HAL_Driver/Src/stm32f4xx_hal .o
 .debug_abbrev  0x00000000000004ec      0x33c HAL/STM32F4xx_HAL_Driver/Src/stm32f4xx_hal_cortex.o
 .debug_abbrev  0x0000000000000828      0x1f1 HAL/STM32F4xx_HAL_Driver/Src/stm32f4xx_hal_gpio .o
 .debug_abbrev  0x0000000000000a19      0x275 HAL/STM32F4xx_HAL_Driver/Src/stm32f4xx_hal_rcc .o
 .debug_abbrev  0x0000000000000c8e      0x29c HAL/STM32F4xx_HAL_Driver/Src/stm32f4xx_hal_uart .o
 .debug_abbrev  0x0000000000000f2a      0x281 HAL/STM32F4xx_HAL_Driver/Src/stm32f4xx_hal_usart .o
 .debug_abbrev  0x00000000000011ab      0x1d0 Peripherals/Src/gpio.o
 .debug_abbrev  0x000000000000137b      0x1bb Peripherals/Src/uart1.o
 .debug_abbrev  0x0000000000001536       0x12 Startup/startup_stm32f411vetx.o

.debug_aranges  0x0000000000000000      0x738
 .debug_aranges
                0x0000000000000000       0x20 Core/Src/main.o
 .debug_aranges
                0x0000000000000020       0x28 Core/Src/system_stm32f4xx.o
 .debug_aranges
                0x0000000000000048       0xf0 HAL/STM32F4xx_HAL_Driver/Src/stm32f4xx_hal .o
 .debug_aranges
                0x0000000000000138      0x118 HAL/STM32F4xx_HAL_Driver/Src/stm32f4xx_hal_cortex.o
 .debug_aranges
                0x0000000000000250       0x58 HAL/STM32F4xx_HAL_Driver/Src/stm32f4xx_hal_gpio .o
 .debug_aranges
                0x00000000000002a8       0x88 HAL/STM32F4xx_HAL_Driver/Src/stm32f4xx_hal_rcc .o
 .debug_aranges
                0x0000000000000330      0x200 HAL/STM32F4xx_HAL_Driver/Src/stm32f4xx_hal_uart .o
 .debug_aranges
                0x0000000000000530      0x178 HAL/STM32F4xx_HAL_Driver/Src/stm32f4xx_hal_usart .o
 .debug_aranges
                0x00000000000006a8       0x40 Peripherals/Src/gpio.o
 .debug_aranges
                0x00000000000006e8       0x28 Peripherals/Src/uart1.o
 .debug_aranges
                0x0000000000000710       0x28 Startup/startup_stm32f411vetx.o

.debug_ranges   0x0000000000000000      0x6c0
 .debug_ranges  0x0000000000000000       0x10 Core/Src/main.o
 .debug_ranges  0x0000000000000010       0x18 Core/Src/system_stm32f4xx.o
 .debug_ranges  0x0000000000000028       0xe0 HAL/STM32F4xx_HAL_Driver/Src/stm32f4xx_hal .o
 .debug_ranges  0x0000000000000108      0x108 HAL/STM32F4xx_HAL_Driver/Src/stm32f4xx_hal_cortex.o
 .debug_ranges  0x0000000000000210       0x48 HAL/STM32F4xx_HAL_Driver/Src/stm32f4xx_hal_gpio .o
 .debug_ranges  0x0000000000000258       0x78 HAL/STM32F4xx_HAL_Driver/Src/stm32f4xx_hal_rcc .o
 .debug_ranges  0x00000000000002d0      0x220 HAL/STM32F4xx_HAL_Driver/Src/stm32f4xx_hal_uart .o
 .debug_ranges  0x00000000000004f0      0x168 HAL/STM32F4xx_HAL_Driver/Src/stm32f4xx_hal_usart .o
 .debug_ranges  0x0000000000000658       0x30 Peripherals/Src/gpio.o
 .debug_ranges  0x0000000000000688       0x18 Peripherals/Src/uart1.o
 .debug_ranges  0x00000000000006a0       0x20 Startup/startup_stm32f411vetx.o

.debug_macro    0x0000000000000000    0x1675c
 .debug_macro   0x0000000000000000      0x284 Core/Src/main.o
 .debug_macro   0x0000000000000284      0xaa8 Core/Src/main.o
 .debug_macro   0x0000000000000d2c      0x2ef Core/Src/main.o
 .debug_macro   0x000000000000101b       0x2e Core/Src/main.o
 .debug_macro   0x0000000000001049       0x28 Core/Src/main.o
 .debug_macro   0x0000000000001071       0x22 Core/Src/main.o
 .debug_macro   0x0000000000001093       0x8e Core/Src/main.o
 .debug_macro   0x0000000000001121       0x51 Core/Src/main.o
 .debug_macro   0x0000000000001172      0x103 Core/Src/main.o
 .debug_macro   0x0000000000001275       0x6a Core/Src/main.o
 .debug_macro   0x00000000000012df      0x1df Core/Src/main.o
 .debug_macro   0x00000000000014be       0x1c Core/Src/main.o
 .debug_macro   0x00000000000014da       0x22 Core/Src/main.o
 .debug_macro   0x00000000000014fc       0xdf Core/Src/main.o
 .debug_macro   0x00000000000015db     0x102d Core/Src/main.o
 .debug_macro   0x0000000000002608      0x11f Core/Src/main.o
 .debug_macro   0x0000000000002727     0xb937 Core/Src/main.o
 .debug_macro   0x000000000000e05e       0x43 Core/Src/main.o
 .debug_macro   0x000000000000e0a1     0x3659 Core/Src/main.o
 .debug_macro   0x00000000000116fa      0x174 Core/Src/main.o
 .debug_macro   0x000000000001186e       0x5c Core/Src/main.o
 .debug_macro   0x00000000000118ca      0x447 Core/Src/main.o
 .debug_macro   0x0000000000011d11      0x9fe Core/Src/main.o
 .debug_macro   0x000000000001270f      0x117 Core/Src/main.o
 .debug_macro   0x0000000000012826      0x11b Core/Src/main.o
 .debug_macro   0x0000000000012941       0x82 Core/Src/main.o
 .debug_macro   0x00000000000129c3      0x15f Core/Src/main.o
 .debug_macro   0x0000000000012b22      0x287 Core/Src/main.o
 .debug_macro   0x0000000000012da9       0x5f Core/Src/main.o
 .debug_macro   0x0000000000012e08      0x236 Core/Src/main.o
 .debug_macro   0x000000000001303e      0x391 Core/Src/main.o
 .debug_macro   0x00000000000133cf      0x17d Core/Src/main.o
 .debug_macro   0x000000000001354c       0xf9 Core/Src/main.o
 .debug_macro   0x0000000000013645       0x22 Core/Src/main.o
 .debug_macro   0x0000000000013667      0x132 Core/Src/main.o
 .debug_macro   0x0000000000013799      0x264 Core/Src/main.o
 .debug_macro   0x00000000000139fd       0x2e Core/Src/main.o
 .debug_macro   0x0000000000013a2b      0x1b5 Core/Src/main.o
 .debug_macro   0x0000000000013be0       0x22 Core/Src/main.o
 .debug_macro   0x0000000000013c02       0xd6 Core/Src/main.o
 .debug_macro   0x0000000000013cd8      0x1a7 Core/Src/main.o
 .debug_macro   0x0000000000013e7f       0x46 Core/Src/main.o
 .debug_macro   0x0000000000013ec5       0x4a Core/Src/main.o
 .debug_macro   0x0000000000013f0f      0x11a Core/Src/main.o
 .debug_macro   0x0000000000014029       0x85 Core/Src/main.o
 .debug_macro   0x00000000000140ae       0x89 Core/Src/main.o
 .debug_macro   0x0000000000014137      0x225 Core/Src/main.o
 .debug_macro   0x000000000001435c      0x8d1 Core/Src/main.o
 .debug_macro   0x0000000000014c2d       0x47 Core/Src/main.o
 .debug_macro   0x0000000000014c74      0x295 Core/Src/main.o
 .debug_macro   0x0000000000014f09      0x217 Core/Src/main.o
 .debug_macro   0x0000000000015120      0x126 Core/Src/main.o
 .debug_macro   0x0000000000015246       0x22 Core/Src/main.o
 .debug_macro   0x0000000000015268       0x10 Core/Src/main.o
 .debug_macro   0x0000000000015278      0x22c Core/Src/system_stm32f4xx.o
 .debug_macro   0x00000000000154a4      0x28c HAL/STM32F4xx_HAL_Driver/Src/stm32f4xx_hal .o
 .debug_macro   0x0000000000015730      0x22c HAL/STM32F4xx_HAL_Driver/Src/stm32f4xx_hal_cortex.o
 .debug_macro   0x000000000001595c      0x232 HAL/STM32F4xx_HAL_Driver/Src/stm32f4xx_hal_gpio .o
 .debug_macro   0x0000000000015b8e      0x250 HAL/STM32F4xx_HAL_Driver/Src/stm32f4xx_hal_rcc .o
 .debug_macro   0x0000000000015dde      0x22d HAL/STM32F4xx_HAL_Driver/Src/stm32f4xx_hal_uart .o
 .debug_macro   0x000000000001600b      0x23b HAL/STM32F4xx_HAL_Driver/Src/stm32f4xx_hal_usart .o
 .debug_macro   0x0000000000016246      0x28e Peripherals/Src/gpio.o
 .debug_macro   0x00000000000164d4      0x288 Peripherals/Src/uart1.o

.debug_line     0x0000000000000000     0x8b84
 .debug_line    0x0000000000000000      0x8b1 Core/Src/main.o
 .debug_line    0x00000000000008b1      0x868 Core/Src/system_stm32f4xx.o
 .debug_line    0x0000000000001119      0xacb HAL/STM32F4xx_HAL_Driver/Src/stm32f4xx_hal .o
 .debug_line    0x0000000000001be4      0xd79 HAL/STM32F4xx_HAL_Driver/Src/stm32f4xx_hal_cortex.o
 .debug_line    0x000000000000295d      0xc07 HAL/STM32F4xx_HAL_Driver/Src/stm32f4xx_hal_gpio .o
 .debug_line    0x0000000000003564      0xe45 HAL/STM32F4xx_HAL_Driver/Src/stm32f4xx_hal_rcc .o
 .debug_line    0x00000000000043a9     0x1b91 HAL/STM32F4xx_HAL_Driver/Src/stm32f4xx_hal_uart .o
 .debug_line    0x0000000000005f3a     0x19a7 HAL/STM32F4xx_HAL_Driver/Src/stm32f4xx_hal_usart .o
 .debug_line    0x00000000000078e1      0x920 Peripherals/Src/gpio.o
 .debug_line    0x0000000000008201      0x8ff Peripherals/Src/uart1.o
 .debug_line    0x0000000000008b00       0x84 Startup/startup_stm32f411vetx.o

.debug_str      0x0000000000000000    0x92f12
 .debug_str     0x0000000000000000    0x90ecf Core/Src/main.o
                                      0x911f0 (size before relaxing)
 .debug_str     0x0000000000090ecf      0x1b8 Core/Src/system_stm32f4xx.o
                                      0x90a18 (size before relaxing)
 .debug_str     0x0000000000091087      0x948 HAL/STM32F4xx_HAL_Driver/Src/stm32f4xx_hal .o
                                      0x9139f (size before relaxing)
 .debug_str     0x00000000000919cf      0x395 HAL/STM32F4xx_HAL_Driver/Src/stm32f4xx_hal_cortex.o
                                      0x9117b (size before relaxing)
 .debug_str     0x0000000000091d64      0x1d7 HAL/STM32F4xx_HAL_Driver/Src/stm32f4xx_hal_gpio .o
                                      0x90bbc (size before relaxing)
 .debug_str     0x0000000000091f3b      0x37b HAL/STM32F4xx_HAL_Driver/Src/stm32f4xx_hal_rcc .o
                                      0x90e17 (size before relaxing)
 .debug_str     0x00000000000922b6      0x620 HAL/STM32F4xx_HAL_Driver/Src/stm32f4xx_hal_uart .o
                                      0x91367 (size before relaxing)
 .debug_str     0x00000000000928d6      0x540 HAL/STM32F4xx_HAL_Driver/Src/stm32f4xx_hal_usart .o
                                      0x911d2 (size before relaxing)
 .debug_str     0x0000000000092e16       0x88 Peripherals/Src/gpio.o
                                      0x913cd (size before relaxing)
 .debug_str     0x0000000000092e9e       0x43 Peripherals/Src/uart1.o
                                      0x913c4 (size before relaxing)
 .debug_str     0x0000000000092ee1       0x31 Startup/startup_stm32f411vetx.o
                                         0x6a (size before relaxing)

.comment        0x0000000000000000       0x53
 .comment       0x0000000000000000       0x53 Core/Src/main.o
                                         0x54 (size before relaxing)
 .comment       0x0000000000000053       0x54 Core/Src/system_stm32f4xx.o
 .comment       0x0000000000000053       0x54 HAL/STM32F4xx_HAL_Driver/Src/stm32f4xx_hal .o
 .comment       0x0000000000000053       0x54 HAL/STM32F4xx_HAL_Driver/Src/stm32f4xx_hal_cortex.o
 .comment       0x0000000000000053       0x54 HAL/STM32F4xx_HAL_Driver/Src/stm32f4xx_hal_gpio .o
 .comment       0x0000000000000053       0x54 HAL/STM32F4xx_HAL_Driver/Src/stm32f4xx_hal_rcc .o
 .comment       0x0000000000000053       0x54 HAL/STM32F4xx_HAL_Driver/Src/stm32f4xx_hal_uart .o
 .comment       0x0000000000000053       0x54 HAL/STM32F4xx_HAL_Driver/Src/stm32f4xx_hal_usart .o
 .comment       0x0000000000000053       0x54 Peripherals/Src/gpio.o
 .comment       0x0000000000000053       0x54 Peripherals/Src/uart1.o

.debug_frame    0x0000000000000000     0x1d34
 .debug_frame   0x0000000000000000       0x30 Core/Src/main.o
 .debug_frame   0x0000000000000030       0x58 Core/Src/system_stm32f4xx.o
 .debug_frame   0x0000000000000088      0x374 HAL/STM32F4xx_HAL_Driver/Src/stm32f4xx_hal .o
 .debug_frame   0x00000000000003fc      0x498 HAL/STM32F4xx_HAL_Driver/Src/stm32f4xx_hal_cortex.o
 .debug_frame   0x0000000000000894      0x14c HAL/STM32F4xx_HAL_Driver/Src/stm32f4xx_hal_gpio .o
 .debug_frame   0x00000000000009e0      0x1ec HAL/STM32F4xx_HAL_Driver/Src/stm32f4xx_hal_rcc .o
 .debug_frame   0x0000000000000bcc      0x924 HAL/STM32F4xx_HAL_Driver/Src/stm32f4xx_hal_uart .o
 .debug_frame   0x00000000000014f0      0x6ac HAL/STM32F4xx_HAL_Driver/Src/stm32f4xx_hal_usart .o
 .debug_frame   0x0000000000001b9c       0xbc Peripherals/Src/gpio.o
 .debug_frame   0x0000000000001c58       0x50 Peripherals/Src/uart1.o
 .debug_frame   0x0000000000001ca8       0x2c /home/thanh/st/stm32cubeide_1.6.1_3/plugins/com.st.stm32cube.ide.mcu.externaltools.gnu-tools-for-stm32.9-2020-q2-update.linux64_1.5.0.202011040924/tools/bin/../lib/gcc/arm-none-eabi/9.3.1/../../../../arm-none-eabi/lib/thumb/v7e-m+fp/hard/libc_nano.a(lib_a-init.o)
 .debug_frame   0x0000000000001cd4       0x2c /home/thanh/st/stm32cubeide_1.6.1_3/plugins/com.st.stm32cube.ide.mcu.externaltools.gnu-tools-for-stm32.9-2020-q2-update.linux64_1.5.0.202011040924/tools/bin/../lib/gcc/arm-none-eabi/9.3.1/thumb/v7e-m+fp/hard/libgcc.a(_aeabi_uldivmod.o)
 .debug_frame   0x0000000000001d00       0x34 /home/thanh/st/stm32cubeide_1.6.1_3/plugins/com.st.stm32cube.ide.mcu.externaltools.gnu-tools-for-stm32.9-2020-q2-update.linux64_1.5.0.202011040924/tools/bin/../lib/gcc/arm-none-eabi/9.3.1/thumb/v7e-m+fp/hard/libgcc.a(_udivmoddi4.o)
