Archive member included to satisfy reference by file (symbol)

/home/thanh/st/stm32cubeide_1.6.1_3/plugins/com.st.stm32cube.ide.mcu.externaltools.gnu-tools-for-stm32.9-2020-q2-update.linux64_1.5.0.202011040924/tools/bin/../lib/gcc/arm-none-eabi/9.3.1/../../../../arm-none-eabi/lib/thumb/v7e-m/nofp/libc_nano.a(lib_a-exit.o)
                              /home/thanh/st/stm32cubeide_1.6.1_3/plugins/com.st.stm32cube.ide.mcu.externaltools.gnu-tools-for-stm32.9-2020-q2-update.linux64_1.5.0.202011040924/tools/bin/../lib/gcc/arm-none-eabi/9.3.1/../../../../arm-none-eabi/lib/thumb/v7e-m/nofp/crt0.o (exit)
/home/thanh/st/stm32cubeide_1.6.1_3/plugins/com.st.stm32cube.ide.mcu.externaltools.gnu-tools-for-stm32.9-2020-q2-update.linux64_1.5.0.202011040924/tools/bin/../lib/gcc/arm-none-eabi/9.3.1/../../../../arm-none-eabi/lib/thumb/v7e-m/nofp/libc_nano.a(lib_a-gmtime.o)
                              Peripheral/Src/rtc.o (gmtime)
/home/thanh/st/stm32cubeide_1.6.1_3/plugins/com.st.stm32cube.ide.mcu.externaltools.gnu-tools-for-stm32.9-2020-q2-update.linux64_1.5.0.202011040924/tools/bin/../lib/gcc/arm-none-eabi/9.3.1/../../../../arm-none-eabi/lib/thumb/v7e-m/nofp/libc_nano.a(lib_a-gmtime_r.o)
                              /home/thanh/st/stm32cubeide_1.6.1_3/plugins/com.st.stm32cube.ide.mcu.externaltools.gnu-tools-for-stm32.9-2020-q2-update.linux64_1.5.0.202011040924/tools/bin/../lib/gcc/arm-none-eabi/9.3.1/../../../../arm-none-eabi/lib/thumb/v7e-m/nofp/libc_nano.a(lib_a-gmtime.o) (gmtime_r)
/home/thanh/st/stm32cubeide_1.6.1_3/plugins/com.st.stm32cube.ide.mcu.externaltools.gnu-tools-for-stm32.9-2020-q2-update.linux64_1.5.0.202011040924/tools/bin/../lib/gcc/arm-none-eabi/9.3.1/../../../../arm-none-eabi/lib/thumb/v7e-m/nofp/libc_nano.a(lib_a-impure.o)
                              /home/thanh/st/stm32cubeide_1.6.1_3/plugins/com.st.stm32cube.ide.mcu.externaltools.gnu-tools-for-stm32.9-2020-q2-update.linux64_1.5.0.202011040924/tools/bin/../lib/gcc/arm-none-eabi/9.3.1/../../../../arm-none-eabi/lib/thumb/v7e-m/nofp/libc_nano.a(lib_a-exit.o) (_global_impure_ptr)
/home/thanh/st/stm32cubeide_1.6.1_3/plugins/com.st.stm32cube.ide.mcu.externaltools.gnu-tools-for-stm32.9-2020-q2-update.linux64_1.5.0.202011040924/tools/bin/../lib/gcc/arm-none-eabi/9.3.1/../../../../arm-none-eabi/lib/thumb/v7e-m/nofp/libc_nano.a(lib_a-init.o)
                              /home/thanh/st/stm32cubeide_1.6.1_3/plugins/com.st.stm32cube.ide.mcu.externaltools.gnu-tools-for-stm32.9-2020-q2-update.linux64_1.5.0.202011040924/tools/bin/../lib/gcc/arm-none-eabi/9.3.1/../../../../arm-none-eabi/lib/thumb/v7e-m/nofp/crt0.o (__libc_init_array)
/home/thanh/st/stm32cubeide_1.6.1_3/plugins/com.st.stm32cube.ide.mcu.externaltools.gnu-tools-for-stm32.9-2020-q2-update.linux64_1.5.0.202011040924/tools/bin/../lib/gcc/arm-none-eabi/9.3.1/../../../../arm-none-eabi/lib/thumb/v7e-m/nofp/libc_nano.a(lib_a-malloc.o)
                              /home/thanh/st/stm32cubeide_1.6.1_3/plugins/com.st.stm32cube.ide.mcu.externaltools.gnu-tools-for-stm32.9-2020-q2-update.linux64_1.5.0.202011040924/tools/bin/../lib/gcc/arm-none-eabi/9.3.1/../../../../arm-none-eabi/lib/thumb/v7e-m/nofp/libc_nano.a(lib_a-gmtime.o) (malloc)
/home/thanh/st/stm32cubeide_1.6.1_3/plugins/com.st.stm32cube.ide.mcu.externaltools.gnu-tools-for-stm32.9-2020-q2-update.linux64_1.5.0.202011040924/tools/bin/../lib/gcc/arm-none-eabi/9.3.1/../../../../arm-none-eabi/lib/thumb/v7e-m/nofp/libc_nano.a(lib_a-memset.o)
                              /home/thanh/st/stm32cubeide_1.6.1_3/plugins/com.st.stm32cube.ide.mcu.externaltools.gnu-tools-for-stm32.9-2020-q2-update.linux64_1.5.0.202011040924/tools/bin/../lib/gcc/arm-none-eabi/9.3.1/../../../../arm-none-eabi/lib/thumb/v7e-m/nofp/crt0.o (memset)
/home/thanh/st/stm32cubeide_1.6.1_3/plugins/com.st.stm32cube.ide.mcu.externaltools.gnu-tools-for-stm32.9-2020-q2-update.linux64_1.5.0.202011040924/tools/bin/../lib/gcc/arm-none-eabi/9.3.1/../../../../arm-none-eabi/lib/thumb/v7e-m/nofp/libc_nano.a(lib_a-mktime.o)
                              Peripheral/Src/rtc.o (mktime)
/home/thanh/st/stm32cubeide_1.6.1_3/plugins/com.st.stm32cube.ide.mcu.externaltools.gnu-tools-for-stm32.9-2020-q2-update.linux64_1.5.0.202011040924/tools/bin/../lib/gcc/arm-none-eabi/9.3.1/../../../../arm-none-eabi/lib/thumb/v7e-m/nofp/libc_nano.a(lib_a-nano-freer.o)
                              /home/thanh/st/stm32cubeide_1.6.1_3/plugins/com.st.stm32cube.ide.mcu.externaltools.gnu-tools-for-stm32.9-2020-q2-update.linux64_1.5.0.202011040924/tools/bin/../lib/gcc/arm-none-eabi/9.3.1/../../../../arm-none-eabi/lib/thumb/v7e-m/nofp/libc_nano.a(lib_a-malloc.o) (_free_r)
/home/thanh/st/stm32cubeide_1.6.1_3/plugins/com.st.stm32cube.ide.mcu.externaltools.gnu-tools-for-stm32.9-2020-q2-update.linux64_1.5.0.202011040924/tools/bin/../lib/gcc/arm-none-eabi/9.3.1/../../../../arm-none-eabi/lib/thumb/v7e-m/nofp/libc_nano.a(lib_a-nano-mallocr.o)
[...]
Memory Configuration

Name             Origin             Length             Attributes
RAM              0x0000000020000000 0x0000000000020000 xrw
FLASH            0x0000000008000000 0x0000000000080000 xr
*default*        0x0000000000000000 0xffffffffffffffff

Linker script and memory map

LOAD /home/thanh/st/stm32cubeide_1.6.1_3/plugins/com.st.stm32cube.ide.mcu.externaltools.gnu-tools-for-stm32.9-2020-q2-update.linux64_1.5.0.202011040924/tools/bin/../lib/gcc/arm-none-eabi/9.3.1/thumb/v7e-m/nofp/crti.o
LOAD /home/thanh/st/stm32cubeide_1.6.1_3/plugins/com.st.stm32cube.ide.mcu.externaltools.gnu-tools-for-stm32.9-2020-q2-update.linux64_1.5.0.202011040924/tools/bin/../lib/gcc/arm-none-eabi/9.3.1/thumb/v7e-m/nofp/crtbegin.o
LOAD /home/thanh/st/stm32cubeide_1.6.1_3/plugins/com.st.stm32cube.ide.mcu.externaltools.gnu-tools-for-stm32.9-2020-q2-update.linux64_1.5.0.202011040924/tools/bin/../lib/gcc/arm-none-eabi/9.3.1/../../../../arm-none-eabi/lib/thumb/v7e-m/nofp/crt0.o
LOAD Core/Src/main.o
LOAD Core/Src/print_redirect.o
LOAD Core/Src/system_stm32f4xx.o
LOAD Display/ILI9341/MY_ILI9341.o
LOAD Display/ILI9341/TSC2046.o
LOAD Peripheral/Src/adc1.o
LOAD Peripheral/Src/crc.o
LOAD Peripheral/Src/exti.o
LOAD Peripheral/Src/gpio.o
LOAD Peripheral/Src/i2c.o
LOAD Peripheral/Src/pwr.o
LOAD Peripheral/Src/rcc.o
LOAD Peripheral/Src/rtc.o
LOAD Peripheral/Src/spi.o
LOAD Peripheral/Src/tim.o
LOAD Peripheral/Src/usart.o
LOAD Startup/startup_stm32f411vetx.o
START GROUP
LOAD /home/thanh/st/stm32cubeide_1.6.1_3/plugins/com.st.stm32cube.ide.mcu.externaltools.gnu-tools-for-stm32.9-2020-q2-update.linux64_1.5.0.202011040924/tools/bin/../lib/gcc/arm-none-eabi/9.3.1/../../../../arm-none-eabi/lib/thumb/v7e-m/nofp/libc_nano.a
LOAD /home/thanh/st/stm32cubeide_1.6.1_3/plugins/com.st.stm32cube.ide.mcu.externaltools.gnu-tools-for-stm32.9-2020-q2-update.linux64_1.5.0.202011040924/tools/bin/../lib/gcc/arm-none-eabi/9.3.1/../../../../arm-none-eabi/lib/thumb/v7e-m/nofp/libm.a
END GROUP
START GROUP
LOAD /home/thanh/st/stm32cubeide_1.6.1_3/plugins/com.st.stm32cube.ide.mcu.externaltools.gnu-tools-for-stm32.9-2020-q2-update.linux64_1.5.0.202011040924/tools/bin/../lib/gcc/arm-none-eabi/9.3.1/thumb/v7e-m/nofp/libgcc.a
LOAD /home/thanh/st/stm32cubeide_1.6.1_3/plugins/com.st.stm32cube.ide.mcu.externaltools.gnu-tools-for-stm32.9-2020-q2-update.linux64_1.5.0.202011040924/tools/bin/../lib/gcc/arm-none-eabi/9.3.1/../../../../arm-none-eabi/lib/thumb/v7e-m/nofp/libc_nano.a
END GROUP
START GROUP
LOAD /home/thanh/st/stm32cubeide_1.6.1_3/plugins/com.st.stm32cube.ide.mcu.externaltools.gnu-tools-for-stm32.9-2020-q2-update.linux64_1.5.0.202011040924/tools/bin/../lib/gcc/arm-none-eabi/9.3.1/thumb/v7e-m/nofp/libgcc.a
LOAD /home/thanh/st/stm32cubeide_1.6.1_3/plugins/com.st.stm32cube.ide.mcu.externaltools.gnu-tools-for-stm32.9-2020-q2-update.linux64_1.5.0.202011040924/tools/bin/../lib/gcc/arm-none-eabi/9.3.1/../../../../arm-none-eabi/lib/thumb/v7e-m/nofp/libc_nano.a
LOAD /home/thanh/st/stm32cubeide_1.6.1_3/plugins/com.st.stm32cube.ide.mcu.externaltools.gnu-tools-for-stm32.9-2020-q2-update.linux64_1.5.0.202011040924/tools/bin/../lib/gcc/arm-none-eabi/9.3.1/../../../../arm-none-eabi/lib/thumb/v7e-m/nofp/libnosys.a
END GROUP
START GROUP
LOAD /home/thanh/st/stm32cubeide_1.6.1_3/plugins/com.st.stm32cube.ide.mcu.externaltools.gnu-tools-for-stm32.9-2020-q2-update.linux64_1.5.0.202011040924/tools/bin/../lib/gcc/arm-none-eabi/9.3.1/thumb/v7e-m/nofp/libgcc.a
LOAD /home/thanh/st/stm32cubeide_1.6.1_3/plugins/com.st.stm32cube.ide.mcu.externaltools.gnu-tools-for-stm32.9-2020-q2-update.linux64_1.5.0.202011040924/tools/bin/../lib/gcc/arm-none-eabi/9.3.1/../../../../arm-none-eabi/lib/thumb/v7e-m/nofp/libc_nano.a
LOAD /home/thanh/st/stm32cubeide_1.6.1_3/plugins/com.st.stm32cube.ide.mcu.externaltools.gnu-tools-for-stm32.9-2020-q2-update.linux64_1.5.0.202011040924/tools/bin/../lib/gcc/arm-none-eabi/9.3.1/../../../../arm-none-eabi/lib/thumb/v7e-m/nofp/libnosys.a
END GROUP
LOAD /home/thanh/st/stm32cubeide_1.6.1_3/plugins/com.st.stm32cube.ide.mcu.externaltools.gnu-tools-for-stm32.9-2020-q2-update.linux64_1.5.0.202011040924/tools/bin/../lib/gcc/arm-none-eabi/9.3.1/thumb/v7e-m/nofp/crtend.o
LOAD /home/thanh/st/stm32cubeide_1.6.1_3/plugins/com.st.stm32cube.ide.mcu.externaltools.gnu-tools-for-stm32.9-2020-q2-update.linux64_1.5.0.202011040924/tools/bin/../lib/gcc/arm-none-eabi/9.3.1/thumb/v7e-m/nofp/crtn.o
                0x0000000020020000                _estack = (ORIGIN (RAM) + LENGTH (RAM))
                0x0000000000000200                _Min_Heap_Size = 0x200
                0x0000000000000400                _Min_Stack_Size = 0x400

.isr_vector     0x0000000008000000      0x198
                0x0000000008000000                . = ALIGN (0x4)
 *(.isr_vector)
 .isr_vector    0x0000000008000000      0x198 Startup/startup_stm32f411vetx.o
                0x0000000008000000                g_pfnVectors
                0x0000000008000198                . = ALIGN (0x4)

.text           0x00000000080001a0     0x4874
                0x00000000080001a0                . = ALIGN (0x4)
 *(.text)
 .text          0x00000000080001a0       0x40 /home/thanh/st/stm32cubeide_1.6.1_3/plugins/com.st.stm32cube.ide.mcu.externaltools.gnu-tools-for-stm32.9-2020-q2-update.linux64_1.5.0.202011040924/tools/bin/../lib/gcc/arm-none-eabi/9.3.1/thumb/v7e-m/nofp/crtbegin.o
 .text          0x00000000080001e0       0x10 /home/thanh/st/stm32cubeide_1.6.1_3/plugins/com.st.stm32cube.ide.mcu.externaltools.gnu-tools-for-stm32.9-2020-q2-update.linux64_1.5.0.202011040924/tools/bin/../lib/gcc/arm-none-eabi/9.3.1/../../../../arm-none-eabi/lib/thumb/v7e-m/nofp/libc_nano.a(lib_a-strlen.o)
                0x00000000080001e0                strlen
 .text          0x00000000080001f0       0xa0 /home/thanh/st/stm32cubeide_1.6.1_3/plugins/com.st.stm32cube.ide.mcu.externaltools.gnu-tools-for-stm32.9-2020-q2-update.linux64_1.5.0.202011040924/tools/bin/../lib/gcc/arm-none-eabi/9.3.1/../../../../arm-none-eabi/lib/thumb/v7e-m/nofp/libc_nano.a(lib_a-memchr.o)
                0x00000000080001f0                memchr
 .text          0x0000000008000290      0x378 /home/thanh/st/stm32cubeide_1.6.1_3/plugins/com.st.stm32cube.ide.mcu.externaltools.gnu-tools-for-stm32.9-2020-q2-update.linux64_1.5.0.202011040924/tools/bin/../lib/gcc/arm-none-eabi/9.3.1/thumb/v7e-m/nofp/libgcc.a(_arm_addsubdf3.o)
                0x0000000008000290                __aeabi_drsub
                0x0000000008000298                __aeabi_dsub
                0x0000000008000298                __subdf3
                0x000000000800029c                __adddf3
                0x000000000800029c                __aeabi_dadd
                0x0000000008000514                __aeabi_ui2d
                0x0000000008000514                __floatunsidf
                0x0000000008000534                __floatsidf
                0x0000000008000534                __aeabi_i2d
                0x0000000008000558                __extendsfdf2
                0x0000000008000558                __aeabi_f2d
                0x000000000800059c                __aeabi_ul2d
                0x000000000800059c                __floatundidf
                0x00000000080005ac                __floatdidf
                0x00000000080005ac                __aeabi_l2d
 .text          0x0000000008000608      0x424 /home/thanh/st/stm32cubeide_1.6.1_3/plugins/com.st.stm32cube.ide.mcu.externaltools.gnu-tools-for-stm32.9-2020-q2-update.linux64_1.5.0.202011040924/tools/bin/../lib/gcc/arm-none-eabi/9.3.1/thumb/v7e-m/nofp/libgcc.a(_arm_muldivdf3.o)
                0x0000000008000608                __aeabi_dmul
                0x0000000008000608                __muldf3
                0x000000000800085c                __aeabi_ddiv
                0x000000000800085c                __divdf3
 .text          0x0000000008000a2c      0x110 /home/thanh/st/stm32cubeide_1.6.1_3/plugins/com.st.stm32cube.ide.mcu.externaltools.gnu-tools-for-stm32.9-2020-q2-update.linux64_1.5.0.202011040924/tools/bin/../lib/gcc/arm-none-eabi/9.3.1/thumb/v7e-m/nofp/libgcc.a(_arm_cmpdf2.o)
                0x0000000008000a2c                __gtdf2
                0x0000000008000a2c                __gedf2
                0x0000000008000a34                __ltdf2
                0x0000000008000a34                __ledf2
                0x0000000008000a3c                __cmpdf2
                0x0000000008000a3c                __eqdf2
                0x0000000008000a3c                __nedf2
                0x0000000008000ab8                __aeabi_cdrcmple
                0x0000000008000ac8                __aeabi_cdcmple
                0x0000000008000ac8                __aeabi_cdcmpeq
                0x0000000008000ad8                __aeabi_dcmpeq
                0x0000000008000aec                __aeabi_dcmplt
                0x0000000008000b00                __aeabi_dcmple
                0x0000000008000b14                __aeabi_dcmpge
                0x0000000008000b28                __aeabi_dcmpgt
 .text          0x0000000008000b3c       0x2c /home/thanh/st/stm32cubeide_1.6.1_3/plugins/com.st.stm32cube.ide.mcu.externaltools.gnu-tools-for-stm32.9-2020-q2-update.linux64_1.5.0.202011040924/tools/bin/../lib/gcc/arm-none-eabi/9.3.1/thumb/v7e-m/nofp/libgcc.a(_arm_unorddf2.o)
                0x0000000008000b3c                __aeabi_dcmpun
                0x0000000008000b3c                __unorddf2
 .text          0x0000000008000b68       0x50 /home/thanh/st/stm32cubeide_1.6.1_3/plugins/com.st.stm32cube.ide.mcu.externaltools.gnu-tools-for-stm32.9-2020-q2-update.linux64_1.5.0.202011040924/tools/bin/../lib/gcc/arm-none-eabi/9.3.1/thumb/v7e-m/nofp/libgcc.a(_arm_fixdfsi.o)
                0x0000000008000b68                __fixdfsi
                0x0000000008000b68                __aeabi_d2iz
 *(.text*)
 .text.__NVIC_ClearPendingIRQ
                0x0000000008000bb8       0x3c Core/Src/main.o
 .text.main     0x0000000008000bf4       0x68 Core/Src/main.o
                0x0000000008000bf4                main
 .text.EXTI0_IRQHandler
                0x0000000008000c5c       0x40 Core/Src/main.o
                0x0000000008000c5c                EXTI0_IRQHandler
 .text.DMA2_Stream5_IRQHandler
                0x0000000008000c9c       0x5c Core/Src/main.o
                0x0000000008000c9c                DMA2_Stream5_IRQHandler
 .text.DMA2_Stream7_IRQHandler
                0x0000000008000cf8       0x5c Core/Src/main.o
                0x0000000008000cf8                DMA2_Stream7_IRQHandler
 .text.USART1_IRQHandler
                0x0000000008000d54       0x40 Core/Src/main.o
                0x0000000008000d54                USART1_IRQHandler
 .text.DMA2_Stream2_IRQHandler
                0x0000000008000d94       0x44 Core/Src/main.o
                0x0000000008000d94                DMA2_Stream2_IRQHandler
 .text.ADC_IRQHandler
                0x0000000008000dd8       0x60 Core/Src/main.o
                0x0000000008000dd8                ADC_IRQHandler
 .text.DMA2_Stream0_IRQHandler
                0x0000000008000e38       0x34 Core/Src/main.o
                0x0000000008000e38                DMA2_Stream0_IRQHandler
 .text.TIM3_IRQHandler
                0x0000000008000e6c       0x28 Core/Src/main.o
                0x0000000008000e6c                TIM3_IRQHandler
 .text.__io_putchar
                0x0000000008000e94       0x26 Core/Src/print_redirect.o
                0x0000000008000e94                __io_putchar
 .text._write   0x0000000008000eba       0x38 Core/Src/print_redirect.o
                0x0000000008000eba                _write
 .text.SystemInit
                0x0000000008000ef2        0xc Core/Src/system_stm32f4xx.o
                0x0000000008000ef2                SystemInit
 *fill*         0x0000000008000efe        0x2 
 .text.adc_readValue
                0x0000000008000f00       0x1c Peripheral/Src/adc1.o
                0x0000000008000f00                adc_readValue
 .text.__NVIC_EnableIRQ
                0x0000000008000f1c       0x38 Peripheral/Src/exti.o
 .text.__NVIC_SetPriority
                0x0000000008000f54       0x54 Peripheral/Src/exti.o
 .text.exti_BP_EXTI
                0x0000000008000fa8       0x44 Peripheral/Src/exti.o
                0x0000000008000fa8                exti_BP_EXTI
 .text.gpio_LED_config
                0x0000000008000fec       0x5c Peripheral/Src/gpio.o
                0x0000000008000fec                gpio_LED_config
 .text.gpio_LED_write
                0x0000000008001048       0x44 Peripheral/Src/gpio.o
                0x0000000008001048                gpio_LED_write
 .text.gpio_LED_display
                0x000000000800108c       0x58 Peripheral/Src/gpio.o
                0x000000000800108c                gpio_LED_display
 .text.gpio_BUTTON_config
                0x00000000080010e4       0x38 Peripheral/Src/gpio.o
                0x00000000080010e4                gpio_BUTTON_config
 .text.__NVIC_EnableIRQ
                0x000000000800111c       0x38 Peripheral/Src/rcc.o
 .text.__NVIC_ClearPendingIRQ
                0x0000000008001154       0x3c Peripheral/Src/rcc.o
 .text.__NVIC_SetPriority
                0x0000000008001190       0x54 Peripheral/Src/rcc.o
 .text.rcc_HSE_Config
                0x00000000080011e4      0x1dc Peripheral/Src/rcc.o
                0x00000000080011e4                rcc_HSE_Config
 .text.rcc_SYSTICk_config
                0x00000000080013c0       0x60 Peripheral/Src/rcc.o
                0x00000000080013c0                rcc_SYSTICk_config
 .text.rcc_msTicks
                0x0000000008001420       0x1c Peripheral/Src/rcc.o
                0x0000000008001420                rcc_msTicks
 .text.rcc_msGetTicks
                0x000000000800143c       0x14 Peripheral/Src/rcc.o
                0x000000000800143c                rcc_msGetTicks
 .text.rcc_msDelay
                0x0000000008001450       0x34 Peripheral/Src/rcc.o
                0x0000000008001450                rcc_msDelay
 .text.SysTick_Handler
                0x0000000008001484       0x14 Peripheral/Src/rcc.o
                0x0000000008001484                SysTick_Handler
 .text.__NVIC_EnableIRQ
                0x0000000008001498       0x38 Peripheral/Src/spi.o
 .text.__NVIC_SetPriority
                0x00000000080014d0       0x54 Peripheral/Src/spi.o
 .text.spi_SPI1_GPIO_config
                0x0000000008001524      0x1a0 Peripheral/Src/spi.o
                0x0000000008001524                spi_SPI1_GPIO_config
 .text.spi_SPI1_DMA_config
                0x00000000080016c4      0x2bc Peripheral/Src/spi.o
                0x00000000080016c4                spi_SPI1_DMA_config
 .text.__NVIC_EnableIRQ
                0x0000000008001980       0x38 Peripheral/Src/usart.o
 .text.__NVIC_SetPriority
                0x00000000080019b8       0x54 Peripheral/Src/usart.o
 .text.usart_USART1_GPIO_config
                0x0000000008001a0c       0xa8 Peripheral/Src/usart.o
                0x0000000008001a0c                usart_USART1_GPIO_config
 .text.usart_USART1_config
                0x0000000008001ab4       0xd0 Peripheral/Src/usart.o
                0x0000000008001ab4                usart_USART1_config
 .text.usart_USART1_transmit
                0x0000000008001b84       0x88 Peripheral/Src/usart.o
                0x0000000008001b84                usart_USART1_transmit
 .text.usart_USART1_DMA_config
                0x0000000008001c0c      0x204 Peripheral/Src/usart.o
                0x0000000008001c0c                usart_USART1_DMA_config
 .text.usart_USART1_DMA_transmit
                0x0000000008001e10       0x44 Peripheral/Src/usart.o
                0x0000000008001e10                usart_USART1_DMA_transmit
 .text.Reset_Handler
                0x0000000008001e54       0x50 Startup/startup_stm32f411vetx.o
                0x0000000008001e54                Reset_Handler
 .text.Default_Handler
                0x0000000008001ea4        0x2 Startup/startup_stm32f411vetx.o
                0x0000000008001ea4                RTC_Alarm_IRQHandler
                0x0000000008001ea4                EXTI2_IRQHandler
                0x0000000008001ea4                DebugMon_Handler
                0x0000000008001ea4                SPI4_IRQHandler
                0x0000000008001ea4                TIM1_CC_IRQHandler
                0x0000000008001ea4                HardFault_Handler
                0x0000000008001ea4                DMA1_Stream5_IRQHandler
                0x0000000008001ea4                PVD_IRQHandler
                0x0000000008001ea4                SDIO_IRQHandler
                0x0000000008001ea4                TAMP_STAMP_IRQHandler
                0x0000000008001ea4                PendSV_Handler
                0x0000000008001ea4                NMI_Handler
                0x0000000008001ea4                EXTI3_IRQHandler
                0x0000000008001ea4                TIM1_UP_TIM10_IRQHandler
                0x0000000008001ea4                I2C3_ER_IRQHandler
                0x0000000008001ea4                I2C2_EV_IRQHandler
                0x0000000008001ea4                DMA1_Stream2_IRQHandler
                0x0000000008001ea4                FPU_IRQHandler
                0x0000000008001ea4                UsageFault_Handler
                0x0000000008001ea4                SPI1_IRQHandler
                0x0000000008001ea4                TIM1_BRK_TIM9_IRQHandler
                0x0000000008001ea4                DMA2_Stream3_IRQHandler
                0x0000000008001ea4                USART6_IRQHandler
                0x0000000008001ea4                TIM4_IRQHandler
                0x0000000008001ea4                I2C1_EV_IRQHandler
                0x0000000008001ea4                DMA1_Stream6_IRQHandler
                0x0000000008001ea4                DMA1_Stream1_IRQHandler
                0x0000000008001ea4                RCC_IRQHandler
                0x0000000008001ea4                Default_Handler
                0x0000000008001ea4                EXTI15_10_IRQHandler
                0x0000000008001ea4                DMA1_Stream7_IRQHandler
                0x0000000008001ea4                SPI5_IRQHandler
                0x0000000008001ea4                TIM5_IRQHandler
                0x0000000008001ea4                I2C3_EV_IRQHandler
                0x0000000008001ea4                EXTI9_5_IRQHandler
                0x0000000008001ea4                RTC_WKUP_IRQHandler
                0x0000000008001ea4                SPI2_IRQHandler
                0x0000000008001ea4                MemManage_Handler
                0x0000000008001ea4                DMA1_Stream0_IRQHandler
                0x0000000008001ea4                SVC_Handler
                0x0000000008001ea4                EXTI4_IRQHandler
                0x0000000008001ea4                WWDG_IRQHandler
                0x0000000008001ea4                TIM2_IRQHandler
                0x0000000008001ea4                OTG_FS_WKUP_IRQHandler
                0x0000000008001ea4                TIM1_TRG_COM_TIM11_IRQHandler
                0x0000000008001ea4                EXTI1_IRQHandler
                0x0000000008001ea4                USART2_IRQHandler
                0x0000000008001ea4                I2C2_ER_IRQHandler
                0x0000000008001ea4                DMA2_Stream1_IRQHandler
                0x0000000008001ea4                FLASH_IRQHandler
                0x0000000008001ea4                DMA2_Stream4_IRQHandler
                0x0000000008001ea4                BusFault_Handler
                0x0000000008001ea4                OTG_FS_IRQHandler
                0x0000000008001ea4                SPI3_IRQHandler
                0x0000000008001ea4                DMA1_Stream4_IRQHandler
                0x0000000008001ea4                I2C1_ER_IRQHandler
                0x0000000008001ea4                DMA2_Stream6_IRQHandler
                0x0000000008001ea4                DMA1_Stream3_IRQHandler
 *fill*         0x0000000008001ea6        0x2 
 .text.__libc_init_array
                0x0000000008001ea8       0x48 /home/thanh/st/stm32cubeide_1.6.1_3/plugins/com.st.stm32cube.ide.mcu.externaltools.gnu-tools-for-stm32.9-2020-q2-update.linux64_1.5.0.202011040924/tools/bin/../lib/gcc/arm-none-eabi/9.3.1/../../../../arm-none-eabi/lib/thumb/v7e-m/nofp/libc_nano.a(lib_a-init.o)
                0x0000000008001ea8                __libc_init_array
 .text.malloc   0x0000000008001ef0       0x10 /home/thanh/st/stm32cubeide_1.6.1_3/plugins/com.st.stm32cube.ide.mcu.externaltools.gnu-tools-for-stm32.9-2020-q2-update.linux64_1.5.0.202011040924/tools/bin/../lib/gcc/arm-none-eabi/9.3.1/../../../../arm-none-eabi/lib/thumb/v7e-m/nofp/libc_nano.a(lib_a-malloc.o)
                0x0000000008001ef0                malloc
 .text.memset   0x0000000008001f00       0x10 /home/thanh/st/stm32cubeide_1.6.1_3/plugins/com.st.stm32cube.ide.mcu.externaltools.gnu-tools-for-stm32.9-2020-q2-update.linux64_1.5.0.202011040924/tools/bin/../lib/gcc/arm-none-eabi/9.3.1/../../../../arm-none-eabi/lib/thumb/v7e-m/nofp/libc_nano.a(lib_a-memset.o)
                0x0000000008001f00                memset
 .text._free_r  0x0000000008001f10       0x9c /home/thanh/st/stm32cubeide_1.6.1_3/plugins/com.st.stm32cube.ide.mcu.externaltools.gnu-tools-for-stm32.9-2020-q2-update.linux64_1.5.0.202011040924/tools/bin/../lib/gcc/arm-none-eabi/9.3.1/../../../../arm-none-eabi/lib/thumb/v7e-m/nofp/libc_nano.a(lib_a-nano-freer.o)
                0x0000000008001f10                _free_r
 .text._malloc_r
                0x0000000008001fac       0xb4 /home/thanh/st/stm32cubeide_1.6.1_3/plugins/com.st.stm32cube.ide.mcu.externaltools.gnu-tools-for-stm32.9-2020-q2-update.linux64_1.5.0.202011040924/tools/bin/../lib/gcc/arm-none-eabi/9.3.1/../../../../arm-none-eabi/lib/thumb/v7e-m/nofp/libc_nano.a(lib_a-nano-mallocr.o)
                0x0000000008001fac                _malloc_r
 .text.__cvt    0x0000000008002060       0xc0 /home/thanh/st/stm32cubeide_1.6.1_3/plugins/com.st.stm32cube.ide.mcu.externaltools.gnu-tools-for-stm32.9-2020-q2-update.linux64_1.5.0.202011040924/tools/bin/../lib/gcc/arm-none-eabi/9.3.1/../../../../arm-none-eabi/lib/thumb/v7e-m/nofp/libc_nano.a(lib_a-nano-vfprintf_float.o)
                0x0000000008002060                __cvt
 .text.__exponent
                0x0000000008002120       0x7c /home/thanh/st/stm32cubeide_1.6.1_3/plugins/com.st.stm32cube.ide.mcu.externaltools.gnu-tools-for-stm32.9-2020-q2-update.linux64_1.5.0.202011040924/tools/bin/../lib/gcc/arm-none-eabi/9.3.1/../../../../arm-none-eabi/lib/thumb/v7e-m/nofp/libc_nano.a(lib_a-nano-vfprintf_float.o)
                0x0000000008002120                __exponent
 .text._printf_float
                0x000000000800219c      0x454 /home/thanh/st/stm32cubeide_1.6.1_3/plugins/com.st.stm32cube.ide.mcu.externaltools.gnu-tools-for-stm32.9-2020-q2-update.linux64_1.5.0.202011040924/tools/bin/../lib/gcc/arm-none-eabi/9.3.1/../../../../arm-none-eabi/lib/thumb/v7e-m/nofp/libc_nano.a(lib_a-nano-vfprintf_float.o)
                0x000000000800219c                _printf_float
 .text._printf_common
                0x00000000080025f0       0xda /home/thanh/st/stm32cubeide_1.6.1_3/plugins/com.st.stm32cube.ide.mcu.externaltools.gnu-tools-for-stm32.9-2020-q2-update.linux64_1.5.0.202011040924/tools/bin/../lib/gcc/arm-none-eabi/9.3.1/../../../../arm-none-eabi/lib/thumb/v7e-m/nofp/libc_nano.a(lib_a-nano-vfprintf_i.o)
                0x00000000080025f0                _printf_common
 *fill*         0x00000000080026ca        0x2 
 .text._printf_i
                0x00000000080026cc      0x24c /home/thanh/st/stm32cubeide_1.6.1_3/plugins/com.st.stm32cube.ide.mcu.externaltools.gnu-tools-for-stm32.9-2020-q2-update.linux64_1.5.0.202011040924/tools/bin/../lib/gcc/arm-none-eabi/9.3.1/../../../../arm-none-eabi/lib/thumb/v7e-m/nofp/libc_nano.a(lib_a-nano-vfprintf_i.o)
                0x00000000080026cc                _printf_i
 .text._puts_r  0x0000000008002918       0xdc /home/thanh/st/stm32cubeide_1.6.1_3/plugins/com.st.stm32cube.ide.mcu.externaltools.gnu-tools-for-stm32.9-2020-q2-update.linux64_1.5.0.202011040924/tools/bin/../lib/gcc/arm-none-eabi/9.3.1/../../../../arm-none-eabi/lib/thumb/v7e-m/nofp/libc_nano.a(lib_a-puts.o)
                0x0000000008002918                _puts_r
 .text.puts     0x00000000080029f4       0x10 /home/thanh/st/stm32cubeide_1.6.1_3/plugins/com.st.stm32cube.ide.mcu.externaltools.gnu-tools-for-stm32.9-2020-q2-update.linux64_1.5.0.202011040924/tools/bin/../lib/gcc/arm-none-eabi/9.3.1/../../../../arm-none-eabi/lib/thumb/v7e-m/nofp/libc_nano.a(lib_a-puts.o)
                0x00000000080029f4                puts
 .text._sbrk_r  0x0000000008002a04       0x20 /home/thanh/st/stm32cubeide_1.6.1_3/plugins/com.st.stm32cube.ide.mcu.externaltools.gnu-tools-for-stm32.9-2020-q2-update.linux64_1.5.0.202011040924/tools/bin/../lib/gcc/arm-none-eabi/9.3.1/../../../../arm-none-eabi/lib/thumb/v7e-m/nofp/libc_nano.a(lib_a-sbrkr.o)
                0x0000000008002a04                _sbrk_r
 .text.__swbuf_r
                0x0000000008002a24       0xa4 /home/thanh/st/stm32cubeide_1.6.1_3/plugins/com.st.stm32cube.ide.mcu.externaltools.gnu-tools-for-stm32.9-2020-q2-update.linux64_1.5.0.202011040924/tools/bin/../lib/gcc/arm-none-eabi/9.3.1/../../../../arm-none-eabi/lib/thumb/v7e-m/nofp/libc_nano.a(lib_a-wbuf.o)
                0x0000000008002a24                __swbuf_r
 .text.__swsetup_r
                0x0000000008002ac8       0xdc /home/thanh/st/stm32cubeide_1.6.1_3/plugins/com.st.stm32cube.ide.mcu.externaltools.gnu-tools-for-stm32.9-2020-q2-update.linux64_1.5.0.202011040924/tools/bin/../lib/gcc/arm-none-eabi/9.3.1/../../../../arm-none-eabi/lib/thumb/v7e-m/nofp/libc_nano.a(lib_a-wsetup.o)
                0x0000000008002ac8                __swsetup_r
 .text.__assert_func
                0x0000000008002ba4       0x3c /home/thanh/st/stm32cubeide_1.6.1_3/plugins/com.st.stm32cube.ide.mcu.externaltools.gnu-tools-for-stm32.9-2020-q2-update.linux64_1.5.0.202011040924/tools/bin/../lib/gcc/arm-none-eabi/9.3.1/../../../../arm-none-eabi/lib/thumb/v7e-m/nofp/libc_nano.a(lib_a-assert.o)
                0x0000000008002ba4                __assert_func
 .text.quorem   0x0000000008002be0      0x116 /home/thanh/st/stm32cubeide_1.6.1_3/plugins/com.st.stm32cube.ide.mcu.externaltools.gnu-tools-for-stm32.9-2020-q2-update.linux64_1.5.0.202011040924/tools/bin/../lib/gcc/arm-none-eabi/9.3.1/../../../../arm-none-eabi/lib/thumb/v7e-m/nofp/libc_nano.a(lib_a-dtoa.o)
 *fill*         0x0000000008002cf6        0x2 
 .text._dtoa_r  0x0000000008002cf8      0xbdc /home/thanh/st/stm32cubeide_1.6.1_3/plugins/com.st.stm32cube.ide.mcu.externaltools.gnu-tools-for-stm32.9-2020-q2-update.linux64_1.5.0.202011040924/tools/bin/../lib/gcc/arm-none-eabi/9.3.1/../../../../arm-none-eabi/lib/thumb/v7e-m/nofp/libc_nano.a(lib_a-dtoa.o)
                0x0000000008002cf8                _dtoa_r
 .text.__sflush_r
                0x00000000080038d4      0x10c /home/thanh/st/stm32cubeide_1.6.1_3/plugins/com.st.stm32cube.ide.mcu.externaltools.gnu-tools-for-stm32.9-2020-q2-update.linux64_1.5.0.202011040924/tools/bin/../lib/gcc/arm-none-eabi/9.3.1/../../../../arm-none-eabi/lib/thumb/v7e-m/nofp/libc_nano.a(lib_a-fflush.o)
                0x00000000080038d4                __sflush_r
 .text._fflush_r
                0x00000000080039e0       0x78 /home/thanh/st/stm32cubeide_1.6.1_3/plugins/com.st.stm32cube.ide.mcu.externaltools.gnu-tools-for-stm32.9-2020-q2-update.linux64_1.5.0.202011040924/tools/bin/../lib/gcc/arm-none-eabi/9.3.1/../../../../arm-none-eabi/lib/thumb/v7e-m/nofp/libc_nano.a(lib_a-fflush.o)
                0x00000000080039e0                _fflush_r
 .text.std      0x0000000008003a58       0x48 /home/thanh/st/stm32cubeide_1.6.1_3/plugins/com.st.stm32cube.ide.mcu.externaltools.gnu-tools-for-stm32.9-2020-q2-update.linux64_1.5.0.202011040924/tools/bin/../lib/gcc/arm-none-eabi/9.3.1/../../../../arm-none-eabi/lib/thumb/v7e-m/nofp/libc_nano.a(lib_a-findfp.o)
 .text._cleanup_r
                0x0000000008003aa0        0xc /home/thanh/st/stm32cubeide_1.6.1_3/plugins/com.st.stm32cube.ide.mcu.externaltools.gnu-tools-for-stm32.9-2020-q2-update.linux64_1.5.0.202011040924/tools/bin/../lib/gcc/arm-none-eabi/9.3.1/../../../../arm-none-eabi/lib/thumb/v7e-m/nofp/libc_nano.a(lib_a-findfp.o)
                0x0000000008003aa0                _cleanup_r
 .text.__sfmoreglue
                0x0000000008003aac       0x2c /home/thanh/st/stm32cubeide_1.6.1_3/plugins/com.st.stm32cube.ide.mcu.externaltools.gnu-tools-for-stm32.9-2020-q2-update.linux64_1.5.0.202011040924/tools/bin/../lib/gcc/arm-none-eabi/9.3.1/../../../../arm-none-eabi/lib/thumb/v7e-m/nofp/libc_nano.a(lib_a-findfp.o)
                0x0000000008003aac                __sfmoreglue
 .text.__sfp_lock_acquire
                0x0000000008003ad8        0xc /home/thanh/st/stm32cubeide_1.6.1_3/plugins/com.st.stm32cube.ide.mcu.externaltools.gnu-tools-for-stm32.9-2020-q2-update.linux64_1.5.0.202011040924/tools/bin/../lib/gcc/arm-none-eabi/9.3.1/../../../../arm-none-eabi/lib/thumb/v7e-m/nofp/libc_nano.a(lib_a-findfp.o)
                0x0000000008003ad8                __sfp_lock_acquire
 .text.__sfp_lock_release
                0x0000000008003ae4        0xc /home/thanh/st/stm32cubeide_1.6.1_3/plugins/com.st.stm32cube.ide.mcu.externaltools.gnu-tools-for-stm32.9-2020-q2-update.linux64_1.5.0.202011040924/tools/bin/../lib/gcc/arm-none-eabi/9.3.1/../../../../arm-none-eabi/lib/thumb/v7e-m/nofp/libc_nano.a(lib_a-findfp.o)
                0x0000000008003ae4                __sfp_lock_release
 .text.__sinit_lock_acquire
                0x0000000008003af0        0xc /home/thanh/st/stm32cubeide_1.6.1_3/plugins/com.st.stm32cube.ide.mcu.externaltools.gnu-tools-for-stm32.9-2020-q2-update.linux64_1.5.0.202011040924/tools/bin/../lib/gcc/arm-none-eabi/9.3.1/../../../../arm-none-eabi/lib/thumb/v7e-m/nofp/libc_nano.a(lib_a-findfp.o)
                0x0000000008003af0                __sinit_lock_acquire
 .text.__sinit_lock_release
                0x0000000008003afc        0xc /home/thanh/st/stm32cubeide_1.6.1_3/plugins/com.st.stm32cube.ide.mcu.externaltools.gnu-tools-for-stm32.9-2020-q2-update.linux64_1.5.0.202011040924/tools/bin/../lib/gcc/arm-none-eabi/9.3.1/../../../../arm-none-eabi/lib/thumb/v7e-m/nofp/libc_nano.a(lib_a-findfp.o)
                0x0000000008003afc                __sinit_lock_release
 .text.__sinit  0x0000000008003b08       0x70 /home/thanh/st/stm32cubeide_1.6.1_3/plugins/com.st.stm32cube.ide.mcu.externaltools.gnu-tools-for-stm32.9-2020-q2-update.linux64_1.5.0.202011040924/tools/bin/../lib/gcc/arm-none-eabi/9.3.1/../../../../arm-none-eabi/lib/thumb/v7e-m/nofp/libc_nano.a(lib_a-findfp.o)
                0x0000000008003b08                __sinit
 .text.__sfp    0x0000000008003b78       0x8c /home/thanh/st/stm32cubeide_1.6.1_3/plugins/com.st.stm32cube.ide.mcu.externaltools.gnu-tools-for-stm32.9-2020-q2-update.linux64_1.5.0.202011040924/tools/bin/../lib/gcc/arm-none-eabi/9.3.1/../../../../arm-none-eabi/lib/thumb/v7e-m/nofp/libc_nano.a(lib_a-findfp.o)
                0x0000000008003b78                __sfp
 .text.fprintf  0x0000000008003c04       0x24 /home/thanh/st/stm32cubeide_1.6.1_3/plugins/com.st.stm32cube.ide.mcu.externaltools.gnu-tools-for-stm32.9-2020-q2-update.linux64_1.5.0.202011040924/tools/bin/../lib/gcc/arm-none-eabi/9.3.1/../../../../arm-none-eabi/lib/thumb/v7e-m/nofp/libc_nano.a(lib_a-fprintf.o)
                0x0000000008003c04                fprintf
                0x0000000008003c04                fiprintf
 .text._fwalk_reent
                0x0000000008003c28       0x3e /home/thanh/st/stm32cubeide_1.6.1_3/plugins/com.st.stm32cube.ide.mcu.externaltools.gnu-tools-for-stm32.9-2020-q2-update.linux64_1.5.0.202011040924/tools/bin/../lib/gcc/arm-none-eabi/9.3.1/../../../../arm-none-eabi/lib/thumb/v7e-m/nofp/libc_nano.a(lib_a-fwalk.o)
                0x0000000008003c28                _fwalk_reent
 *fill*         0x0000000008003c66        0x2 
 .text._localeconv_r
                0x0000000008003c68        0x8 /home/thanh/st/stm32cubeide_1.6.1_3/plugins/com.st.stm32cube.ide.mcu.externaltools.gnu-tools-for-stm32.9-2020-q2-update.linux64_1.5.0.202011040924/tools/bin/../lib/gcc/arm-none-eabi/9.3.1/../../../../arm-none-eabi/lib/thumb/v7e-m/nofp/libc_nano.a(lib_a-localeconv.o)
                0x0000000008003c68                _localeconv_r
 .text.__retarget_lock_init_recursive
                0x0000000008003c70        0x2 /home/thanh/st/stm32cubeide_1.6.1_3/plugins/com.st.stm32cube.ide.mcu.externaltools.gnu-tools-for-stm32.9-2020-q2-update.linux64_1.5.0.202011040924/tools/bin/../lib/gcc/arm-none-eabi/9.3.1/../../../../arm-none-eabi/lib/thumb/v7e-m/nofp/libc_nano.a(lib_a-lock.o)
                0x0000000008003c70                __retarget_lock_init_recursive
 .text.__retarget_lock_acquire_recursive
                0x0000000008003c72        0x2 /home/thanh/st/stm32cubeide_1.6.1_3/plugins/com.st.stm32cube.ide.mcu.externaltools.gnu-tools-for-stm32.9-2020-q2-update.linux64_1.5.0.202011040924/tools/bin/../lib/gcc/arm-none-eabi/9.3.1/../../../../arm-none-eabi/lib/thumb/v7e-m/nofp/libc_nano.a(lib_a-lock.o)
                0x0000000008003c72                __retarget_lock_acquire_recursive
 .text.__retarget_lock_release_recursive
                0x0000000008003c74        0x2 /home/thanh/st/stm32cubeide_1.6.1_3/plugins/com.st.stm32cube.ide.mcu.externaltools.gnu-tools-for-stm32.9-2020-q2-update.linux64_1.5.0.202011040924/tools/bin/../lib/gcc/arm-none-eabi/9.3.1/../../../../arm-none-eabi/lib/thumb/v7e-m/nofp/libc_nano.a(lib_a-lock.o)
                0x0000000008003c74                __retarget_lock_release_recursive
 .text.__swhatbuf_r
                0x0000000008003c76       0x48 /home/thanh/st/stm32cubeide_1.6.1_3/plugins/com.st.stm32cube.ide.mcu.externaltools.gnu-tools-for-stm32.9-2020-q2-update.linux64_1.5.0.202011040924/tools/bin/../lib/gcc/arm-none-eabi/9.3.1/../../../../arm-none-eabi/lib/thumb/v7e-m/nofp/libc_nano.a(lib_a-makebuf.o)
                0x0000000008003c76                __swhatbuf_r
 *fill*         0x0000000008003cbe        0x2 
 .text.__smakebuf_r
                0x0000000008003cc0       0x80 /home/thanh/st/stm32cubeide_1.6.1_3/plugins/com.st.stm32cube.ide.mcu.externaltools.gnu-tools-for-stm32.9-2020-q2-update.linux64_1.5.0.202011040924/tools/bin/../lib/gcc/arm-none-eabi/9.3.1/../../../../arm-none-eabi/lib/thumb/v7e-m/nofp/libc_nano.a(lib_a-makebuf.o)
                0x0000000008003cc0                __smakebuf_r
 .text.memcpy   0x0000000008003d40       0x1c /home/thanh/st/stm32cubeide_1.6.1_3/plugins/com.st.stm32cube.ide.mcu.externaltools.gnu-tools-for-stm32.9-2020-q2-update.linux64_1.5.0.202011040924/tools/bin/../lib/gcc/arm-none-eabi/9.3.1/../../../../arm-none-eabi/lib/thumb/v7e-m/nofp/libc_nano.a(lib_a-memcpy-stub.o)
                0x0000000008003d40                memcpy
 .text.__malloc_lock
                0x0000000008003d5c        0xc /home/thanh/st/stm32cubeide_1.6.1_3/plugins/com.st.stm32cube.ide.mcu.externaltools.gnu-tools-for-stm32.9-2020-q2-update.linux64_1.5.0.202011040924/tools/bin/../lib/gcc/arm-none-eabi/9.3.1/../../../../arm-none-eabi/lib/thumb/v7e-m/nofp/libc_nano.a(lib_a-mlock.o)
                0x0000000008003d5c                __malloc_lock
 .text.__malloc_unlock
                0x0000000008003d68        0xc /home/thanh/st/stm32cubeide_1.6.1_3/plugins/com.st.stm32cube.ide.mcu.externaltools.gnu-tools-for-stm32.9-2020-q2-update.linux64_1.5.0.202011040924/tools/bin/../lib/gcc/arm-none-eabi/9.3.1/../../../../arm-none-eabi/lib/thumb/v7e-m/nofp/libc_nano.a(lib_a-mlock.o)
                0x0000000008003d68                __malloc_unlock
 .text._Balloc  0x0000000008003d74       0x80 /home/thanh/st/stm32cubeide_1.6.1_3/plugins/com.st.stm32cube.ide.mcu.externaltools.gnu-tools-for-stm32.9-2020-q2-update.linux64_1.5.0.202011040924/tools/bin/../lib/gcc/arm-none-eabi/9.3.1/../../../../arm-none-eabi/lib/thumb/v7e-m/nofp/libc_nano.a(lib_a-mprec.o)
                0x0000000008003d74                _Balloc
 .text._Bfree   0x0000000008003df4       0x44 /home/thanh/st/stm32cubeide_1.6.1_3/plugins/com.st.stm32cube.ide.mcu.externaltools.gnu-tools-for-stm32.9-2020-q2-update.linux64_1.5.0.202011040924/tools/bin/../lib/gcc/arm-none-eabi/9.3.1/../../../../arm-none-eabi/lib/thumb/v7e-m/nofp/libc_nano.a(lib_a-mprec.o)
                0x0000000008003df4                _Bfree
 .text.__multadd
                0x0000000008003e38       0x94 /home/thanh/st/stm32cubeide_1.6.1_3/plugins/com.st.stm32cube.ide.mcu.externaltools.gnu-tools-for-stm32.9-2020-q2-update.linux64_1.5.0.202011040924/tools/bin/../lib/gcc/arm-none-eabi/9.3.1/../../../../arm-none-eabi/lib/thumb/v7e-m/nofp/libc_nano.a(lib_a-mprec.o)
                0x0000000008003e38                __multadd
 .text.__hi0bits
                0x0000000008003ecc       0x40 /home/thanh/st/stm32cubeide_1.6.1_3/plugins/com.st.stm32cube.ide.mcu.externaltools.gnu-tools-for-stm32.9-2020-q2-update.linux64_1.5.0.202011040924/tools/bin/../lib/gcc/arm-none-eabi/9.3.1/../../../../arm-none-eabi/lib/thumb/v7e-m/nofp/libc_nano.a(lib_a-mprec.o)
                0x0000000008003ecc                __hi0bits
 .text.__lo0bits
                0x0000000008003f0c       0x5c /home/thanh/st/stm32cubeide_1.6.1_3/plugins/com.st.stm32cube.ide.mcu.externaltools.gnu-tools-for-stm32.9-2020-q2-update.linux64_1.5.0.202011040924/tools/bin/../lib/gcc/arm-none-eabi/9.3.1/../../../../arm-none-eabi/lib/thumb/v7e-m/nofp/libc_nano.a(lib_a-mprec.o)
                0x0000000008003f0c                __lo0bits
 .text.__i2b    0x0000000008003f68       0x2c /home/thanh/st/stm32cubeide_1.6.1_3/plugins/com.st.stm32cube.ide.mcu.externaltools.gnu-tools-for-stm32.9-2020-q2-update.linux64_1.5.0.202011040924/tools/bin/../lib/gcc/arm-none-eabi/9.3.1/../../../../arm-none-eabi/lib/thumb/v7e-m/nofp/libc_nano.a(lib_a-mprec.o)
                0x0000000008003f68                __i2b
 .text.__multiply
                0x0000000008003f94      0x14c /home/thanh/st/stm32cubeide_1.6.1_3/plugins/com.st.stm32cube.ide.mcu.externaltools.gnu-tools-for-stm32.9-2020-q2-update.linux64_1.5.0.202011040924/tools/bin/../lib/gcc/arm-none-eabi/9.3.1/../../../../arm-none-eabi/lib/thumb/v7e-m/nofp/libc_nano.a(lib_a-mprec.o)
                0x0000000008003f94                __multiply
 .text.__pow5mult
                0x00000000080040e0       0xb4 /home/thanh/st/stm32cubeide_1.6.1_3/plugins/com.st.stm32cube.ide.mcu.externaltools.gnu-tools-for-stm32.9-2020-q2-update.linux64_1.5.0.202011040924/tools/bin/../lib/gcc/arm-none-eabi/9.3.1/../../../../arm-none-eabi/lib/thumb/v7e-m/nofp/libc_nano.a(lib_a-mprec.o)
                0x00000000080040e0                __pow5mult
 .text.__lshift
                0x0000000008004194       0xd8 /home/thanh/st/stm32cubeide_1.6.1_3/plugins/com.st.stm32cube.ide.mcu.externaltools.gnu-tools-for-stm32.9-2020-q2-update.linux64_1.5.0.202011040924/tools/bin/../lib/gcc/arm-none-eabi/9.3.1/../../../../arm-none-eabi/lib/thumb/v7e-m/nofp/libc_nano.a(lib_a-mprec.o)
                0x0000000008004194                __lshift
 .text.__mcmp   0x000000000800426c       0x36 /home/thanh/st/stm32cubeide_1.6.1_3/plugins/com.st.stm32cube.ide.mcu.externaltools.gnu-tools-for-stm32.9-2020-q2-update.linux64_1.5.0.202011040924/tools/bin/../lib/gcc/arm-none-eabi/9.3.1/../../../../arm-none-eabi/lib/thumb/v7e-m/nofp/libc_nano.a(lib_a-mprec.o)
                0x000000000800426c                __mcmp
 *fill*         0x00000000080042a2        0x2 
 .text.__mdiff  0x00000000080042a4      0x114 /home/thanh/st/stm32cubeide_1.6.1_3/plugins/com.st.stm32cube.ide.mcu.externaltools.gnu-tools-for-stm32.9-2020-q2-update.linux64_1.5.0.202011040924/tools/bin/../lib/gcc/arm-none-eabi/9.3.1/../../../../arm-none-eabi/lib/thumb/v7e-m/nofp/libc_nano.a(lib_a-mprec.o)
                0x00000000080042a4                __mdiff
 .text.__d2b    0x00000000080043b8       0xb8 /home/thanh/st/stm32cubeide_1.6.1_3/plugins/com.st.stm32cube.ide.mcu.externaltools.gnu-tools-for-stm32.9-2020-q2-update.linux64_1.5.0.202011040924/tools/bin/../lib/gcc/arm-none-eabi/9.3.1/../../../../arm-none-eabi/lib/thumb/v7e-m/nofp/libc_nano.a(lib_a-mprec.o)
                0x00000000080043b8                __d2b
 .text._calloc_r
                0x0000000008004470       0x1c /home/thanh/st/stm32cubeide_1.6.1_3/plugins/com.st.stm32cube.ide.mcu.externaltools.gnu-tools-for-stm32.9-2020-q2-update.linux64_1.5.0.202011040924/tools/bin/../lib/gcc/arm-none-eabi/9.3.1/../../../../arm-none-eabi/lib/thumb/v7e-m/nofp/libc_nano.a(lib_a-nano-callocr.o)
                0x0000000008004470                _calloc_r
 .text.__sfputc_r
                0x000000000800448c       0x2a /home/thanh/st/stm32cubeide_1.6.1_3/plugins/com.st.stm32cube.ide.mcu.externaltools.gnu-tools-for-stm32.9-2020-q2-update.linux64_1.5.0.202011040924/tools/bin/../lib/gcc/arm-none-eabi/9.3.1/../../../../arm-none-eabi/lib/thumb/v7e-m/nofp/libc_nano.a(lib_a-nano-vfprintf.o)
 .text.__sfputs_r
                0x00000000080044b6       0x24 /home/thanh/st/stm32cubeide_1.6.1_3/plugins/com.st.stm32cube.ide.mcu.externaltools.gnu-tools-for-stm32.9-2020-q2-update.linux64_1.5.0.202011040924/tools/bin/../lib/gcc/arm-none-eabi/9.3.1/../../../../arm-none-eabi/lib/thumb/v7e-m/nofp/libc_nano.a(lib_a-nano-vfprintf.o)
                0x00000000080044b6                __sfputs_r
 *fill*         0x00000000080044da        0x2 
 .text._vfprintf_r
                0x00000000080044dc      0x260 /home/thanh/st/stm32cubeide_1.6.1_3/plugins/com.st.stm32cube.ide.mcu.externaltools.gnu-tools-for-stm32.9-2020-q2-update.linux64_1.5.0.202011040924/tools/bin/../lib/gcc/arm-none-eabi/9.3.1/../../../../arm-none-eabi/lib/thumb/v7e-m/nofp/libc_nano.a(lib_a-nano-vfprintf.o)
                0x00000000080044dc                _vfiprintf_r
                0x00000000080044dc                _vfprintf_r
 .text.__sread  0x000000000800473c       0x22 /home/thanh/st/stm32cubeide_1.6.1_3/plugins/com.st.stm32cube.ide.mcu.externaltools.gnu-tools-for-stm32.9-2020-q2-update.linux64_1.5.0.202011040924/tools/bin/../lib/gcc/arm-none-eabi/9.3.1/../../../../arm-none-eabi/lib/thumb/v7e-m/nofp/libc_nano.a(lib_a-stdio.o)
                0x000000000800473c                __sread
 .text.__swrite
                0x000000000800475e       0x38 /home/thanh/st/stm32cubeide_1.6.1_3/plugins/com.st.stm32cube.ide.mcu.externaltools.gnu-tools-for-stm32.9-2020-q2-update.linux64_1.5.0.202011040924/tools/bin/../lib/gcc/arm-none-eabi/9.3.1/../../../../arm-none-eabi/lib/thumb/v7e-m/nofp/libc_nano.a(lib_a-stdio.o)
                0x000000000800475e                __swrite
 .text.__sseek  0x0000000008004796       0x24 /home/thanh/st/stm32cubeide_1.6.1_3/plugins/com.st.stm32cube.ide.mcu.externaltools.gnu-tools-for-stm32.9-2020-q2-update.linux64_1.5.0.202011040924/tools/bin/../lib/gcc/arm-none-eabi/9.3.1/../../../../arm-none-eabi/lib/thumb/v7e-m/nofp/libc_nano.a(lib_a-stdio.o)
                0x0000000008004796                __sseek
 .text.__sclose
                0x00000000080047ba        0x8 /home/thanh/st/stm32cubeide_1.6.1_3/plugins/com.st.stm32cube.ide.mcu.externaltools.gnu-tools-for-stm32.9-2020-q2-update.linux64_1.5.0.202011040924/tools/bin/../lib/gcc/arm-none-eabi/9.3.1/../../../../arm-none-eabi/lib/thumb/v7e-m/nofp/libc_nano.a(lib_a-stdio.o)
                0x00000000080047ba                __sclose
 *fill*         0x00000000080047c2        0x2 
 .text._write_r
                0x00000000080047c4       0x24 /home/thanh/st/stm32cubeide_1.6.1_3/plugins/com.st.stm32cube.ide.mcu.externaltools.gnu-tools-for-stm32.9-2020-q2-update.linux64_1.5.0.202011040924/tools/bin/../lib/gcc/arm-none-eabi/9.3.1/../../../../arm-none-eabi/lib/thumb/v7e-m/nofp/libc_nano.a(lib_a-writer.o)
                0x00000000080047c4                _write_r
 .text.abort    0x00000000080047e8        0xe /home/thanh/st/stm32cubeide_1.6.1_3/plugins/com.st.stm32cube.ide.mcu.externaltools.gnu-tools-for-stm32.9-2020-q2-update.linux64_1.5.0.202011040924/tools/bin/../lib/gcc/arm-none-eabi/9.3.1/../../../../arm-none-eabi/lib/thumb/v7e-m/nofp/libc_nano.a(lib_a-abort.o)
                0x00000000080047e8                abort
 *fill*         0x00000000080047f6        0x2 
 .text._close_r
                0x00000000080047f8       0x20 /home/thanh/st/stm32cubeide_1.6.1_3/plugins/com.st.stm32cube.ide.mcu.externaltools.gnu-tools-for-stm32.9-2020-q2-update.linux64_1.5.0.202011040924/tools/bin/../lib/gcc/arm-none-eabi/9.3.1/../../../../arm-none-eabi/lib/thumb/v7e-m/nofp/libc_nano.a(lib_a-closer.o)
                0x00000000080047f8                _close_r
 .text._fstat_r
                0x0000000008004818       0x24 /home/thanh/st/stm32cubeide_1.6.1_3/plugins/com.st.stm32cube.ide.mcu.externaltools.gnu-tools-for-stm32.9-2020-q2-update.linux64_1.5.0.202011040924/tools/bin/../lib/gcc/arm-none-eabi/9.3.1/../../../../arm-none-eabi/lib/thumb/v7e-m/nofp/libc_nano.a(lib_a-fstatr.o)
                0x0000000008004818                _fstat_r
 .text._isatty_r
                0x000000000800483c       0x20 /home/thanh/st/stm32cubeide_1.6.1_3/plugins/com.st.stm32cube.ide.mcu.externaltools.gnu-tools-for-stm32.9-2020-q2-update.linux64_1.5.0.202011040924/tools/bin/../lib/gcc/arm-none-eabi/9.3.1/../../../../arm-none-eabi/lib/thumb/v7e-m/nofp/libc_nano.a(lib_a-isattyr.o)
                0x000000000800483c                _isatty_r
 .text._lseek_r
                0x000000000800485c       0x24 /home/thanh/st/stm32cubeide_1.6.1_3/plugins/com.st.stm32cube.ide.mcu.externaltools.gnu-tools-for-stm32.9-2020-q2-update.linux64_1.5.0.202011040924/tools/bin/../lib/gcc/arm-none-eabi/9.3.1/../../../../arm-none-eabi/lib/thumb/v7e-m/nofp/libc_nano.a(lib_a-lseekr.o)
                0x000000000800485c                _lseek_r
 .text.__ascii_mbtowc
                0x0000000008004880       0x24 /home/thanh/st/stm32cubeide_1.6.1_3/plugins/com.st.stm32cube.ide.mcu.externaltools.gnu-tools-for-stm32.9-2020-q2-update.linux64_1.5.0.202011040924/tools/bin/../lib/gcc/arm-none-eabi/9.3.1/../../../../arm-none-eabi/lib/thumb/v7e-m/nofp/libc_nano.a(lib_a-mbtowc_r.o)
                0x0000000008004880                __ascii_mbtowc
 .text._read_r  0x00000000080048a4       0x24 /home/thanh/st/stm32cubeide_1.6.1_3/plugins/com.st.stm32cube.ide.mcu.externaltools.gnu-tools-for-stm32.9-2020-q2-update.linux64_1.5.0.202011040924/tools/bin/../lib/gcc/arm-none-eabi/9.3.1/../../../../arm-none-eabi/lib/thumb/v7e-m/nofp/libc_nano.a(lib_a-readr.o)
                0x00000000080048a4                _read_r
 .text._raise_r
                0x00000000080048c8       0x50 /home/thanh/st/stm32cubeide_1.6.1_3/plugins/com.st.stm32cube.ide.mcu.externaltools.gnu-tools-for-stm32.9-2020-q2-update.linux64_1.5.0.202011040924/tools/bin/../lib/gcc/arm-none-eabi/9.3.1/../../../../arm-none-eabi/lib/thumb/v7e-m/nofp/libc_nano.a(lib_a-signal.o)
                0x00000000080048c8                _raise_r
 .text.raise    0x0000000008004918       0x10 /home/thanh/st/stm32cubeide_1.6.1_3/plugins/com.st.stm32cube.ide.mcu.externaltools.gnu-tools-for-stm32.9-2020-q2-update.linux64_1.5.0.202011040924/tools/bin/../lib/gcc/arm-none-eabi/9.3.1/../../../../arm-none-eabi/lib/thumb/v7e-m/nofp/libc_nano.a(lib_a-signal.o)
                0x0000000008004918                raise
 .text._kill_r  0x0000000008004928       0x24 /home/thanh/st/stm32cubeide_1.6.1_3/plugins/com.st.stm32cube.ide.mcu.externaltools.gnu-tools-for-stm32.9-2020-q2-update.linux64_1.5.0.202011040924/tools/bin/../lib/gcc/arm-none-eabi/9.3.1/../../../../arm-none-eabi/lib/thumb/v7e-m/nofp/libc_nano.a(lib_a-signalr.o)
                0x0000000008004928                _kill_r
 .text._getpid_r
                0x000000000800494c        0x4 /home/thanh/st/stm32cubeide_1.6.1_3/plugins/com.st.stm32cube.ide.mcu.externaltools.gnu-tools-for-stm32.9-2020-q2-update.linux64_1.5.0.202011040924/tools/bin/../lib/gcc/arm-none-eabi/9.3.1/../../../../arm-none-eabi/lib/thumb/v7e-m/nofp/libc_nano.a(lib_a-signalr.o)
                0x000000000800494c                _getpid_r
 .text.__ascii_wctomb
                0x0000000008004950       0x1a /home/thanh/st/stm32cubeide_1.6.1_3/plugins/com.st.stm32cube.ide.mcu.externaltools.gnu-tools-for-stm32.9-2020-q2-update.linux64_1.5.0.202011040924/tools/bin/../lib/gcc/arm-none-eabi/9.3.1/../../../../arm-none-eabi/lib/thumb/v7e-m/nofp/libc_nano.a(lib_a-wctomb_r.o)
                0x0000000008004950                __ascii_wctomb
 *fill*         0x000000000800496a        0x2 
 .text._close   0x000000000800496c       0x10 /home/thanh/st/stm32cubeide_1.6.1_3/plugins/com.st.stm32cube.ide.mcu.externaltools.gnu-tools-for-stm32.9-2020-q2-update.linux64_1.5.0.202011040924/tools/bin/../lib/gcc/arm-none-eabi/9.3.1/../../../../arm-none-eabi/lib/thumb/v7e-m/nofp/libnosys.a(close.o)
                0x000000000800496c                _close
 .text._fstat   0x000000000800497c       0x10 /home/thanh/st/stm32cubeide_1.6.1_3/plugins/com.st.stm32cube.ide.mcu.externaltools.gnu-tools-for-stm32.9-2020-q2-update.linux64_1.5.0.202011040924/tools/bin/../lib/gcc/arm-none-eabi/9.3.1/../../../../arm-none-eabi/lib/thumb/v7e-m/nofp/libnosys.a(fstat.o)
                0x000000000800497c                _fstat
 .text._getpid  0x000000000800498c       0x10 /home/thanh/st/stm32cubeide_1.6.1_3/plugins/com.st.stm32cube.ide.mcu.externaltools.gnu-tools-for-stm32.9-2020-q2-update.linux64_1.5.0.202011040924/tools/bin/../lib/gcc/arm-none-eabi/9.3.1/../../../../arm-none-eabi/lib/thumb/v7e-m/nofp/libnosys.a(getpid.o)
                0x000000000800498c                _getpid
 .text._isatty  0x000000000800499c       0x10 /home/thanh/st/stm32cubeide_1.6.1_3/plugins/com.st.stm32cube.ide.mcu.externaltools.gnu-tools-for-stm32.9-2020-q2-update.linux64_1.5.0.202011040924/tools/bin/../lib/gcc/arm-none-eabi/9.3.1/../../../../arm-none-eabi/lib/thumb/v7e-m/nofp/libnosys.a(isatty.o)
                0x000000000800499c                _isatty
 .text._kill    0x00000000080049ac       0x10 /home/thanh/st/stm32cubeide_1.6.1_3/plugins/com.st.stm32cube.ide.mcu.externaltools.gnu-tools-for-stm32.9-2020-q2-update.linux64_1.5.0.202011040924/tools/bin/../lib/gcc/arm-none-eabi/9.3.1/../../../../arm-none-eabi/lib/thumb/v7e-m/nofp/libnosys.a(kill.o)
                0x00000000080049ac                _kill
 .text._lseek   0x00000000080049bc       0x10 /home/thanh/st/stm32cubeide_1.6.1_3/plugins/com.st.stm32cube.ide.mcu.externaltools.gnu-tools-for-stm32.9-2020-q2-update.linux64_1.5.0.202011040924/tools/bin/../lib/gcc/arm-none-eabi/9.3.1/../../../../arm-none-eabi/lib/thumb/v7e-m/nofp/libnosys.a(lseek.o)
                0x00000000080049bc                _lseek
 .text._read    0x00000000080049cc       0x10 /home/thanh/st/stm32cubeide_1.6.1_3/plugins/com.st.stm32cube.ide.mcu.externaltools.gnu-tools-for-stm32.9-2020-q2-update.linux64_1.5.0.202011040924/tools/bin/../lib/gcc/arm-none-eabi/9.3.1/../../../../arm-none-eabi/lib/thumb/v7e-m/nofp/libnosys.a(read.o)
                0x00000000080049cc                _read
 .text._sbrk    0x00000000080049dc       0x1c /home/thanh/st/stm32cubeide_1.6.1_3/plugins/com.st.stm32cube.ide.mcu.externaltools.gnu-tools-for-stm32.9-2020-q2-update.linux64_1.5.0.202011040924/tools/bin/../lib/gcc/arm-none-eabi/9.3.1/../../../../arm-none-eabi/lib/thumb/v7e-m/nofp/libnosys.a(sbrk.o)
                0x00000000080049dc                _sbrk
 .text._exit    0x00000000080049f8        0x2 /home/thanh/st/stm32cubeide_1.6.1_3/plugins/com.st.stm32cube.ide.mcu.externaltools.gnu-tools-for-stm32.9-2020-q2-update.linux64_1.5.0.202011040924/tools/bin/../lib/gcc/arm-none-eabi/9.3.1/../../../../arm-none-eabi/lib/thumb/v7e-m/nofp/libnosys.a(_exit.o)
                0x00000000080049f8                _exit
 *(.glue_7)
 .glue_7        0x00000000080049fa        0x0 linker stubs
 *(.glue_7t)
 .glue_7t       0x00000000080049fa        0x0 linker stubs
 *(.eh_frame)
 *fill*         0x00000000080049fa        0x2 
 .eh_frame      0x00000000080049fc        0x0 /home/thanh/st/stm32cubeide_1.6.1_3/plugins/com.st.stm32cube.ide.mcu.externaltools.gnu-tools-for-stm32.9-2020-q2-update.linux64_1.5.0.202011040924/tools/bin/../lib/gcc/arm-none-eabi/9.3.1/thumb/v7e-m/nofp/crtbegin.o
 *(.init)
 .init          0x00000000080049fc        0x4 /home/thanh/st/stm32cubeide_1.6.1_3/plugins/com.st.stm32cube.ide.mcu.externaltools.gnu-tools-for-stm32.9-2020-q2-update.linux64_1.5.0.202011040924/tools/bin/../lib/gcc/arm-none-eabi/9.3.1/thumb/v7e-m/nofp/crti.o
                0x00000000080049fc                _init
 .init          0x0000000008004a00        0x8 /home/thanh/st/stm32cubeide_1.6.1_3/plugins/com.st.stm32cube.ide.mcu.externaltools.gnu-tools-for-stm32.9-2020-q2-update.linux64_1.5.0.202011040924/tools/bin/../lib/gcc/arm-none-eabi/9.3.1/thumb/v7e-m/nofp/crtn.o
 *(.fini)
 .fini          0x0000000008004a08        0x4 /home/thanh/st/stm32cubeide_1.6.1_3/plugins/com.st.stm32cube.ide.mcu.externaltools.gnu-tools-for-stm32.9-2020-q2-update.linux64_1.5.0.202011040924/tools/bin/../lib/gcc/arm-none-eabi/9.3.1/thumb/v7e-m/nofp/crti.o
                0x0000000008004a08                _fini
 .fini          0x0000000008004a0c        0x8 /home/thanh/st/stm32cubeide_1.6.1_3/plugins/com.st.stm32cube.ide.mcu.externaltools.gnu-tools-for-stm32.9-2020-q2-update.linux64_1.5.0.202011040924/tools/bin/../lib/gcc/arm-none-eabi/9.3.1/thumb/v7e-m/nofp/crtn.o
                0x0000000008004a14                . = ALIGN (0x4)
                0x0000000008004a14                _etext = .

.vfp11_veneer   0x0000000008004a14        0x0
 .vfp11_veneer  0x0000000008004a14        0x0 linker stubs

.v4_bx          0x0000000008004a14        0x0
 .v4_bx         0x0000000008004a14        0x0 linker stubs

.iplt           0x0000000008004a14        0x0
 .iplt          0x0000000008004a14        0x0 /home/thanh/st/stm32cubeide_1.6.1_3/plugins/com.st.stm32cube.ide.mcu.externaltools.gnu-tools-for-stm32.9-2020-q2-update.linux64_1.5.0.202011040924/tools/bin/../lib/gcc/arm-none-eabi/9.3.1/thumb/v7e-m/nofp/crtbegin.o

.rodata         0x0000000008004a18      0x3f8
                0x0000000008004a18                . = ALIGN (0x4)
 *(.rodata)
 .rodata        0x0000000008004a18       0x15 Core/Src/main.o
 *(.rodata*)
 *fill*         0x0000000008004a2d        0x3 
 .rodata._global_impure_ptr
                0x0000000008004a30        0x4 /home/thanh/st/stm32cubeide_1.6.1_3/plugins/com.st.stm32cube.ide.mcu.externaltools.gnu-tools-for-stm32.9-2020-q2-update.linux64_1.5.0.202011040924/tools/bin/../lib/gcc/arm-none-eabi/9.3.1/../../../../arm-none-eabi/lib/thumb/v7e-m/nofp/libc_nano.a(lib_a-impure.o)
                0x0000000008004a30                _global_impure_ptr
 .rodata._printf_float.str1.1
                0x0000000008004a34       0x12 /home/thanh/st/stm32cubeide_1.6.1_3/plugins/com.st.stm32cube.ide.mcu.externaltools.gnu-tools-for-stm32.9-2020-q2-update.linux64_1.5.0.202011040924/tools/bin/../lib/gcc/arm-none-eabi/9.3.1/../../../../arm-none-eabi/lib/thumb/v7e-m/nofp/libc_nano.a(lib_a-nano-vfprintf_float.o)
 .rodata._printf_i.str1.1
                0x0000000008004a46       0x22 /home/thanh/st/stm32cubeide_1.6.1_3/plugins/com.st.stm32cube.ide.mcu.externaltools.gnu-tools-for-stm32.9-2020-q2-update.linux64_1.5.0.202011040924/tools/bin/../lib/gcc/arm-none-eabi/9.3.1/../../../../arm-none-eabi/lib/thumb/v7e-m/nofp/libc_nano.a(lib_a-nano-vfprintf_i.o)
 .rodata.__assert_func.str1.1
                0x0000000008004a68       0x3c /home/thanh/st/stm32cubeide_1.6.1_3/plugins/com.st.stm32cube.ide.mcu.externaltools.gnu-tools-for-stm32.9-2020-q2-update.linux64_1.5.0.202011040924/tools/bin/../lib/gcc/arm-none-eabi/9.3.1/../../../../arm-none-eabi/lib/thumb/v7e-m/nofp/libc_nano.a(lib_a-assert.o)
                                         0x3d (size before relaxing)
 .rodata._dtoa_r.str1.1
                0x0000000008004aa4       0x94 /home/thanh/st/stm32cubeide_1.6.1_3/plugins/com.st.stm32cube.ide.mcu.externaltools.gnu-tools-for-stm32.9-2020-q2-update.linux64_1.5.0.202011040924/tools/bin/../lib/gcc/arm-none-eabi/9.3.1/../../../../arm-none-eabi/lib/thumb/v7e-m/nofp/libc_nano.a(lib_a-dtoa.o)
                                         0x96 (size before relaxing)
 .rodata.__sf_fake_stderr
                0x0000000008004b38       0x20 /home/thanh/st/stm32cubeide_1.6.1_3/plugins/com.st.stm32cube.ide.mcu.externaltools.gnu-tools-for-stm32.9-2020-q2-update.linux64_1.5.0.202011040924/tools/bin/../lib/gcc/arm-none-eabi/9.3.1/../../../../arm-none-eabi/lib/thumb/v7e-m/nofp/libc_nano.a(lib_a-findfp.o)
                0x0000000008004b38                __sf_fake_stderr
 .rodata.__sf_fake_stdin
                0x0000000008004b58       0x20 /home/thanh/st/stm32cubeide_1.6.1_3/plugins/com.st.stm32cube.ide.mcu.externaltools.gnu-tools-for-stm32.9-2020-q2-update.linux64_1.5.0.202011040924/tools/bin/../lib/gcc/arm-none-eabi/9.3.1/../../../../arm-none-eabi/lib/thumb/v7e-m/nofp/libc_nano.a(lib_a-findfp.o)
                0x0000000008004b58                __sf_fake_stdin
 .rodata.__sf_fake_stdout
                0x0000000008004b78       0x20 /home/thanh/st/stm32cubeide_1.6.1_3/plugins/com.st.stm32cube.ide.mcu.externaltools.gnu-tools-for-stm32.9-2020-q2-update.linux64_1.5.0.202011040924/tools/bin/../lib/gcc/arm-none-eabi/9.3.1/../../../../arm-none-eabi/lib/thumb/v7e-m/nofp/libc_nano.a(lib_a-findfp.o)
                0x0000000008004b78                __sf_fake_stdout
 .rodata._Balloc.str1.1
                0x0000000008004b98       0x60 /home/thanh/st/stm32cubeide_1.6.1_3/plugins/com.st.stm32cube.ide.mcu.externaltools.gnu-tools-for-stm32.9-2020-q2-update.linux64_1.5.0.202011040924/tools/bin/../lib/gcc/arm-none-eabi/9.3.1/../../../../arm-none-eabi/lib/thumb/v7e-m/nofp/libc_nano.a(lib_a-mprec.o)
                                         0x77 (size before relaxing)
 .rodata.__multadd.str1.1
                0x0000000008004bf8       0x11 /home/thanh/st/stm32cubeide_1.6.1_3/plugins/com.st.stm32cube.ide.mcu.externaltools.gnu-tools-for-stm32.9-2020-q2-update.linux64_1.5.0.202011040924/tools/bin/../lib/gcc/arm-none-eabi/9.3.1/../../../../arm-none-eabi/lib/thumb/v7e-m/nofp/libc_nano.a(lib_a-mprec.o)
 .rodata.__mprec_bigtens
                0x0000000008004bf8       0x28 /home/thanh/st/stm32cubeide_1.6.1_3/plugins/com.st.stm32cube.ide.mcu.externaltools.gnu-tools-for-stm32.9-2020-q2-update.linux64_1.5.0.202011040924/tools/bin/../lib/gcc/arm-none-eabi/9.3.1/../../../../arm-none-eabi/lib/thumb/v7e-m/nofp/libc_nano.a(lib_a-mprec.o)
                0x0000000008004bf8                __mprec_bigtens
 .rodata.__mprec_tens
                0x0000000008004c20       0xc8 /home/thanh/st/stm32cubeide_1.6.1_3/plugins/com.st.stm32cube.ide.mcu.externaltools.gnu-tools-for-stm32.9-2020-q2-update.linux64_1.5.0.202011040924/tools/bin/../lib/gcc/arm-none-eabi/9.3.1/../../../../arm-none-eabi/lib/thumb/v7e-m/nofp/libc_nano.a(lib_a-mprec.o)
                0x0000000008004c20                __mprec_tens
 .rodata.p05.6150
                0x0000000008004ce8        0xc /home/thanh/st/stm32cubeide_1.6.1_3/plugins/com.st.stm32cube.ide.mcu.externaltools.gnu-tools-for-stm32.9-2020-q2-update.linux64_1.5.0.202011040924/tools/bin/../lib/gcc/arm-none-eabi/9.3.1/../../../../arm-none-eabi/lib/thumb/v7e-m/nofp/libc_nano.a(lib_a-mprec.o)
 .rodata._vfprintf_r.str1.1
                0x0000000008004cf4       0x11 /home/thanh/st/stm32cubeide_1.6.1_3/plugins/com.st.stm32cube.ide.mcu.externaltools.gnu-tools-for-stm32.9-2020-q2-update.linux64_1.5.0.202011040924/tools/bin/../lib/gcc/arm-none-eabi/9.3.1/../../../../arm-none-eabi/lib/thumb/v7e-m/nofp/libc_nano.a(lib_a-nano-vfprintf.o)
 .rodata._ctype_
                0x0000000008004d05      0x101 /home/thanh/st/stm32cubeide_1.6.1_3/plugins/com.st.stm32cube.ide.mcu.externaltools.gnu-tools-for-stm32.9-2020-q2-update.linux64_1.5.0.202011040924/tools/bin/../lib/gcc/arm-none-eabi/9.3.1/../../../../arm-none-eabi/lib/thumb/v7e-m/nofp/libc_nano.a(lib_a-ctype_.o)
                0x0000000008004d05                _ctype_
 .rodata._setlocale_r.str1.1
                0x0000000008004e06        0x8 /home/thanh/st/stm32cubeide_1.6.1_3/plugins/com.st.stm32cube.ide.mcu.externaltools.gnu-tools-for-stm32.9-2020-q2-update.linux64_1.5.0.202011040924/tools/bin/../lib/gcc/arm-none-eabi/9.3.1/../../../../arm-none-eabi/lib/thumb/v7e-m/nofp/libc_nano.a(lib_a-locale.o)
                                          0x9 (size before relaxing)
 .rodata.str1.1
                0x0000000008004e0e        0x2 /home/thanh/st/stm32cubeide_1.6.1_3/plugins/com.st.stm32cube.ide.mcu.externaltools.gnu-tools-for-stm32.9-2020-q2-update.linux64_1.5.0.202011040924/tools/bin/../lib/gcc/arm-none-eabi/9.3.1/../../../../arm-none-eabi/lib/thumb/v7e-m/nofp/libc_nano.a(lib_a-locale.o)
                0x0000000008004e10                . = ALIGN (0x4)

.rel.dyn        0x0000000008004e10        0x0
 .rel.iplt      0x0000000008004e10        0x0 /home/thanh/st/stm32cubeide_1.6.1_3/plugins/com.st.stm32cube.ide.mcu.externaltools.gnu-tools-for-stm32.9-2020-q2-update.linux64_1.5.0.202011040924/tools/bin/../lib/gcc/arm-none-eabi/9.3.1/thumb/v7e-m/nofp/crtbegin.o

.ARM.extab      0x0000000008004e10        0x0
                0x0000000008004e10                . = ALIGN (0x4)
 *(.ARM.extab* .gnu.linkonce.armextab.*)
                0x0000000008004e10                . = ALIGN (0x4)

.ARM            0x0000000008004e10        0x0
                0x0000000008004e10                . = ALIGN (0x4)
                0x0000000008004e10                __exidx_start = .
 *(.ARM.exidx*)
                0x0000000008004e10                __exidx_end = .
                0x0000000008004e10                . = ALIGN (0x4)

.preinit_array  0x0000000008004e10        0x0
                0x0000000008004e10                . = ALIGN (0x4)
                0x0000000008004e10                PROVIDE (__preinit_array_start = .)
 *(.preinit_array*)
                0x0000000008004e10                PROVIDE (__preinit_array_end = .)
                0x0000000008004e10                . = ALIGN (0x4)

.init_array     0x0000000008004e10        0x4
                0x0000000008004e10                . = ALIGN (0x4)
                0x0000000008004e10                PROVIDE (__init_array_start = .)
 *(SORT_BY_NAME(.init_array.*))
 *(.init_array*)
 .init_array    0x0000000008004e10        0x4 /home/thanh/st/stm32cubeide_1.6.1_3/plugins/com.st.stm32cube.ide.mcu.externaltools.gnu-tools-for-stm32.9-2020-q2-update.linux64_1.5.0.202011040924/tools/bin/../lib/gcc/arm-none-eabi/9.3.1/thumb/v7e-m/nofp/crtbegin.o
                0x0000000008004e14                PROVIDE (__init_array_end = .)
                0x0000000008004e14                . = ALIGN (0x4)

.fini_array     0x0000000008004e14        0x4
                0x0000000008004e14                . = ALIGN (0x4)
                [!provide]                        PROVIDE (__fini_array_start = .)
 *(SORT_BY_NAME(.fini_array.*))
 *(.fini_array*)
 .fini_array    0x0000000008004e14        0x4 /home/thanh/st/stm32cubeide_1.6.1_3/plugins/com.st.stm32cube.ide.mcu.externaltools.gnu-tools-for-stm32.9-2020-q2-update.linux64_1.5.0.202011040924/tools/bin/../lib/gcc/arm-none-eabi/9.3.1/thumb/v7e-m/nofp/crtbegin.o
                [!provide]                        PROVIDE (__fini_array_end = .)
                0x0000000008004e18                . = ALIGN (0x4)
                0x0000000008004e18                _sidata = LOADADDR (.data)

.data           0x0000000020000000      0x1d0 load address 0x0000000008004e18
                0x0000000020000000                . = ALIGN (0x4)
                0x0000000020000000                _sdata = .
 *(.data)
 *(.data*)
 .data._impure_ptr
                0x0000000020000000        0x4 /home/thanh/st/stm32cubeide_1.6.1_3/plugins/com.st.stm32cube.ide.mcu.externaltools.gnu-tools-for-stm32.9-2020-q2-update.linux64_1.5.0.202011040924/tools/bin/../lib/gcc/arm-none-eabi/9.3.1/../../../../arm-none-eabi/lib/thumb/v7e-m/nofp/libc_nano.a(lib_a-impure.o)
                0x0000000020000000                _impure_ptr
 .data.impure_data
                0x0000000020000004       0x60 /home/thanh/st/stm32cubeide_1.6.1_3/plugins/com.st.stm32cube.ide.mcu.externaltools.gnu-tools-for-stm32.9-2020-q2-update.linux64_1.5.0.202011040924/tools/bin/../lib/gcc/arm-none-eabi/9.3.1/../../../../arm-none-eabi/lib/thumb/v7e-m/nofp/libc_nano.a(lib_a-impure.o)
 .data.__global_locale
                0x0000000020000064      0x16c /home/thanh/st/stm32cubeide_1.6.1_3/plugins/com.st.stm32cube.ide.mcu.externaltools.gnu-tools-for-stm32.9-2020-q2-update.linux64_1.5.0.202011040924/tools/bin/../lib/gcc/arm-none-eabi/9.3.1/../../../../arm-none-eabi/lib/thumb/v7e-m/nofp/libc_nano.a(lib_a-locale.o)
                0x0000000020000064                __global_locale
 *(.RamFunc)
 *(.RamFunc*)
                0x00000000200001d0                . = ALIGN (0x4)
                0x00000000200001d0                _edata = .

.igot.plt       0x00000000200001d0        0x0 load address 0x0000000008004fe8
 .igot.plt      0x00000000200001d0        0x0 /home/thanh/st/stm32cubeide_1.6.1_3/plugins/com.st.stm32cube.ide.mcu.externaltools.gnu-tools-for-stm32.9-2020-q2-update.linux64_1.5.0.202011040924/tools/bin/../lib/gcc/arm-none-eabi/9.3.1/thumb/v7e-m/nofp/crtbegin.o
                0x00000000200001d0                . = ALIGN (0x4)

.bss            0x00000000200001d0       0x44 load address 0x0000000008004fe8
                0x00000000200001d0                _sbss = .
                0x00000000200001d0                __bss_start__ = _sbss
 *(.bss)
 .bss           0x00000000200001d0       0x1c /home/thanh/st/stm32cubeide_1.6.1_3/plugins/com.st.stm32cube.ide.mcu.externaltools.gnu-tools-for-stm32.9-2020-q2-update.linux64_1.5.0.202011040924/tools/bin/../lib/gcc/arm-none-eabi/9.3.1/thumb/v7e-m/nofp/crtbegin.o
 *(.bss*)
 .bss.extiFlag  0x00000000200001ec        0x1 Core/Src/main.o
                0x00000000200001ec                extiFlag
 .bss.uartDmaRxFlag
                0x00000000200001ed        0x1 Core/Src/main.o
                0x00000000200001ed                uartDmaRxFlag
 .bss.uartDmaTxFlag
                0x00000000200001ee        0x1 Core/Src/main.o
                0x00000000200001ee                uartDmaTxFlag
 .bss.spiDmaTxFlag
                0x00000000200001ef        0x1 Core/Src/main.o
                0x00000000200001ef                spiDmaTxFlag
 .bss.adcEOC    0x00000000200001f0        0x1 Core/Src/main.o
                0x00000000200001f0                adcEOC
 .bss.adcAwd    0x00000000200001f1        0x1 Core/Src/main.o
                0x00000000200001f1                adcAwd
 .bss.adc_value
                0x00000000200001f2        0x2 Core/Src/main.o
                0x00000000200001f2                adc_value
 .bss.msTick    0x00000000200001f4        0x4 Peripheral/Src/rcc.o
 .bss.__malloc_free_list
                0x00000000200001f8        0x4 /home/thanh/st/stm32cubeide_1.6.1_3/plugins/com.st.stm32cube.ide.mcu.externaltools.gnu-tools-for-stm32.9-2020-q2-update.linux64_1.5.0.202011040924/tools/bin/../lib/gcc/arm-none-eabi/9.3.1/../../../../arm-none-eabi/lib/thumb/v7e-m/nofp/libc_nano.a(lib_a-nano-mallocr.o)
                0x00000000200001f8                __malloc_free_list
 .bss.__malloc_sbrk_start
                0x00000000200001fc        0x4 /home/thanh/st/stm32cubeide_1.6.1_3/plugins/com.st.stm32cube.ide.mcu.externaltools.gnu-tools-for-stm32.9-2020-q2-update.linux64_1.5.0.202011040924/tools/bin/../lib/gcc/arm-none-eabi/9.3.1/../../../../arm-none-eabi/lib/thumb/v7e-m/nofp/libc_nano.a(lib_a-nano-mallocr.o)
                0x00000000200001fc                __malloc_sbrk_start
 .bss.heap_end.4144
                0x0000000020000200        0x4 /home/thanh/st/stm32cubeide_1.6.1_3/plugins/com.st.stm32cube.ide.mcu.externaltools.gnu-tools-for-stm32.9-2020-q2-update.linux64_1.5.0.202011040924/tools/bin/../lib/gcc/arm-none-eabi/9.3.1/../../../../arm-none-eabi/lib/thumb/v7e-m/nofp/libnosys.a(sbrk.o)
 *(COMMON)
 COMMON         0x0000000020000204        0x9 /home/thanh/st/stm32cubeide_1.6.1_3/plugins/com.st.stm32cube.ide.mcu.externaltools.gnu-tools-for-stm32.9-2020-q2-update.linux64_1.5.0.202011040924/tools/bin/../lib/gcc/arm-none-eabi/9.3.1/../../../../arm-none-eabi/lib/thumb/v7e-m/nofp/libc_nano.a(lib_a-lock.o)
                0x0000000020000204                __lock___atexit_recursive_mutex
                0x0000000020000205                __lock___arc4random_mutex
                0x0000000020000206                __lock___env_recursive_mutex
                0x0000000020000207                __lock___sinit_recursive_mutex
                0x0000000020000208                __lock___malloc_recursive_mutex
                0x0000000020000209                __lock___at_quick_exit_mutex
                0x000000002000020a                __lock___dd_hash_mutex
                0x000000002000020b                __lock___tz_mutex
                0x000000002000020c                __lock___sfp_recursive_mutex
 *fill*         0x000000002000020d        0x3 
 COMMON         0x0000000020000210        0x4 /home/thanh/st/stm32cubeide_1.6.1_3/plugins/com.st.stm32cube.ide.mcu.externaltools.gnu-tools-for-stm32.9-2020-q2-update.linux64_1.5.0.202011040924/tools/bin/../lib/gcc/arm-none-eabi/9.3.1/../../../../arm-none-eabi/lib/thumb/v7e-m/nofp/libc_nano.a(lib_a-reent.o)
                0x0000000020000210                errno
                0x0000000020000214                . = ALIGN (0x4)
                0x0000000020000214                _ebss = .
                0x0000000020000214                __bss_end__ = _ebss

._user_heap_stack
                0x0000000020000214      0x604 load address 0x0000000008004fe8
                0x0000000020000218                . = ALIGN (0x8)
 *fill*         0x0000000020000214        0x4 
                0x0000000020000218                PROVIDE (end = .)
                [!provide]                        PROVIDE (_end = .)
                0x0000000020000418                . = (. + _Min_Heap_Size)
 *fill*         0x0000000020000218      0x200 
                0x0000000020000818                . = (. + _Min_Stack_Size)
 *fill*         0x0000000020000418      0x400 
                0x0000000020000818                . = ALIGN (0x8)

/DISCARD/
 libc.a(*)
 libm.a(*)
 libgcc.a(*)

.ARM.attributes
                0x0000000000000000       0x2e
 *(.ARM.attributes)
 .ARM.attributes
                0x0000000000000000       0x1e /home/thanh/st/stm32cubeide_1.6.1_3/plugins/com.st.stm32cube.ide.mcu.externaltools.gnu-tools-for-stm32.9-2020-q2-update.linux64_1.5.0.202011040924/tools/bin/../lib/gcc/arm-none-eabi/9.3.1/thumb/v7e-m/nofp/crti.o
 .ARM.attributes
                0x000000000000001e       0x2e /home/thanh/st/stm32cubeide_1.6.1_3/plugins/com.st.stm32cube.ide.mcu.externaltools.gnu-tools-for-stm32.9-2020-q2-update.linux64_1.5.0.202011040924/tools/bin/../lib/gcc/arm-none-eabi/9.3.1/thumb/v7e-m/nofp/crtbegin.o
 .ARM.attributes
                0x000000000000004c       0x2e Core/Src/main.o
 .ARM.attributes
                0x000000000000007a       0x2e Core/Src/print_redirect.o
 .ARM.attributes
                0x00000000000000a8       0x2e Core/Src/system_stm32f4xx.o
 .ARM.attributes
                0x00000000000000d6       0x2e Peripheral/Src/adc1.o
 .ARM.attributes
                0x0000000000000104       0x2e Peripheral/Src/exti.o
 .ARM.attributes
                0x0000000000000132       0x2e Peripheral/Src/gpio.o
 .ARM.attributes
                0x0000000000000160       0x2e Peripheral/Src/rcc.o
 .ARM.attributes
                0x000000000000018e       0x2e Peripheral/Src/spi.o
 .ARM.attributes
                0x00000000000001bc       0x2e Peripheral/Src/usart.o
 .ARM.attributes
                0x00000000000001ea       0x21 Startup/startup_stm32f411vetx.o
 .ARM.attributes
                0x000000000000020b       0x2e /home/thanh/st/stm32cubeide_1.6.1_3/plugins/com.st.stm32cube.ide.mcu.externaltools.gnu-tools-for-stm32.9-2020-q2-update.linux64_1.5.0.202011040924/tools/bin/../lib/gcc/arm-none-eabi/9.3.1/../../../../arm-none-eabi/lib/thumb/v7e-m/nofp/libc_nano.a(lib_a-impure.o)
 .ARM.attributes
                0x0000000000000239       0x2e /home/thanh/st/stm32cubeide_1.6.1_3/plugins/com.st.stm32cube.ide.mcu.externaltools.gnu-tools-for-stm32.9-2020-q2-update.linux64_1.5.0.202011040924/tools/bin/../lib/gcc/arm-none-eabi/9.3.1/../../../../arm-none-eabi/lib/thumb/v7e-m/nofp/libc_nano.a(lib_a-init.o)
 .ARM.attributes
                0x0000000000000267       0x2e /home/thanh/st/stm32cubeide_1.6.1_3/plugins/com.st.stm32cube.ide.mcu.externaltools.gnu-tools-for-stm32.9-2020-q2-update.linux64_1.5.0.202011040924/tools/bin/../lib/gcc/arm-none-eabi/9.3.1/../../../../arm-none-eabi/lib/thumb/v7e-m/nofp/libc_nano.a(lib_a-malloc.o)
 .ARM.attributes
                0x0000000000000295       0x2e /home/thanh/st/stm32cubeide_1.6.1_3/plugins/com.st.stm32cube.ide.mcu.externaltools.gnu-tools-for-stm32.9-2020-q2-update.linux64_1.5.0.202011040924/tools/bin/../lib/gcc/arm-none-eabi/9.3.1/../../../../arm-none-eabi/lib/thumb/v7e-m/nofp/libc_nano.a(lib_a-memset.o)
 .ARM.attributes
                0x00000000000002c3       0x2e /home/thanh/st/stm32cubeide_1.6.1_3/plugins/com.st.stm32cube.ide.mcu.externaltools.gnu-tools-for-stm32.9-2020-q2-update.linux64_1.5.0.202011040924/tools/bin/../lib/gcc/arm-none-eabi/9.3.1/../../../../arm-none-eabi/lib/thumb/v7e-m/nofp/libc_nano.a(lib_a-nano-freer.o)
 .ARM.attributes
                0x00000000000002f1       0x2e /home/thanh/st/stm32cubeide_1.6.1_3/plugins/com.st.stm32cube.ide.mcu.externaltools.gnu-tools-for-stm32.9-2020-q2-update.linux64_1.5.0.202011040924/tools/bin/../lib/gcc/arm-none-eabi/9.3.1/../../../../arm-none-eabi/lib/thumb/v7e-m/nofp/libc_nano.a(lib_a-nano-mallocr.o)
 .ARM.attributes
                0x000000000000031f       0x2e /home/thanh/st/stm32cubeide_1.6.1_3/plugins/com.st.stm32cube.ide.mcu.externaltools.gnu-tools-for-stm32.9-2020-q2-update.linux64_1.5.0.202011040924/tools/bin/../lib/gcc/arm-none-eabi/9.3.1/../../../../arm-none-eabi/lib/thumb/v7e-m/nofp/libc_nano.a(lib_a-nano-vfprintf_float.o)
 .ARM.attributes
                0x000000000000034d       0x2e /home/thanh/st/stm32cubeide_1.6.1_3/plugins/com.st.stm32cube.ide.mcu.externaltools.gnu-tools-for-stm32.9-2020-q2-update.linux64_1.5.0.202011040924/tools/bin/../lib/gcc/arm-none-eabi/9.3.1/../../../../arm-none-eabi/lib/thumb/v7e-m/nofp/libc_nano.a(lib_a-nano-vfprintf_i.o)
 .ARM.attributes
                0x000000000000037b       0x2e /home/thanh/st/stm32cubeide_1.6.1_3/plugins/com.st.stm32cube.ide.mcu.externaltools.gnu-tools-for-stm32.9-2020-q2-update.linux64_1.5.0.202011040924/tools/bin/../lib/gcc/arm-none-eabi/9.3.1/../../../../arm-none-eabi/lib/thumb/v7e-m/nofp/libc_nano.a(lib_a-puts.o)
 .ARM.attributes
                0x00000000000003a9       0x2e /home/thanh/st/stm32cubeide_1.6.1_3/plugins/com.st.stm32cube.ide.mcu.externaltools.gnu-tools-for-stm32.9-2020-q2-update.linux64_1.5.0.202011040924/tools/bin/../lib/gcc/arm-none-eabi/9.3.1/../../../../arm-none-eabi/lib/thumb/v7e-m/nofp/libc_nano.a(lib_a-sbrkr.o)
 .ARM.attributes
                0x00000000000003d7       0x17 /home/thanh/st/stm32cubeide_1.6.1_3/plugins/com.st.stm32cube.ide.mcu.externaltools.gnu-tools-for-stm32.9-2020-q2-update.linux64_1.5.0.202011040924/tools/bin/../lib/gcc/arm-none-eabi/9.3.1/../../../../arm-none-eabi/lib/thumb/v7e-m/nofp/libc_nano.a(lib_a-strlen.o)
 .ARM.attributes
                0x00000000000003ee       0x2e /home/thanh/st/stm32cubeide_1.6.1_3/plugins/com.st.stm32cube.ide.mcu.externaltools.gnu-tools-for-stm32.9-2020-q2-update.linux64_1.5.0.202011040924/tools/bin/../lib/gcc/arm-none-eabi/9.3.1/../../../../arm-none-eabi/lib/thumb/v7e-m/nofp/libc_nano.a(lib_a-wbuf.o)
 .ARM.attributes
                0x000000000000041c       0x2e /home/thanh/st/stm32cubeide_1.6.1_3/plugins/com.st.stm32cube.ide.mcu.externaltools.gnu-tools-for-stm32.9-2020-q2-update.linux64_1.5.0.202011040924/tools/bin/../lib/gcc/arm-none-eabi/9.3.1/../../../../arm-none-eabi/lib/thumb/v7e-m/nofp/libc_nano.a(lib_a-wsetup.o)
 .ARM.attributes
                0x000000000000044a       0x2e /home/thanh/st/stm32cubeide_1.6.1_3/plugins/com.st.stm32cube.ide.mcu.externaltools.gnu-tools-for-stm32.9-2020-q2-update.linux64_1.5.0.202011040924/tools/bin/../lib/gcc/arm-none-eabi/9.3.1/../../../../arm-none-eabi/lib/thumb/v7e-m/nofp/libc_nano.a(lib_a-assert.o)
 .ARM.attributes
                0x0000000000000478       0x2e /home/thanh/st/stm32cubeide_1.6.1_3/plugins/com.st.stm32cube.ide.mcu.externaltools.gnu-tools-for-stm32.9-2020-q2-update.linux64_1.5.0.202011040924/tools/bin/../lib/gcc/arm-none-eabi/9.3.1/../../../../arm-none-eabi/lib/thumb/v7e-m/nofp/libc_nano.a(lib_a-dtoa.o)
 .ARM.attributes
                0x00000000000004a6       0x2e /home/thanh/st/stm32cubeide_1.6.1_3/plugins/com.st.stm32cube.ide.mcu.externaltools.gnu-tools-for-stm32.9-2020-q2-update.linux64_1.5.0.202011040924/tools/bin/../lib/gcc/arm-none-eabi/9.3.1/../../../../arm-none-eabi/lib/thumb/v7e-m/nofp/libc_nano.a(lib_a-fflush.o)
 .ARM.attributes
                0x00000000000004d4       0x2e /home/thanh/st/stm32cubeide_1.6.1_3/plugins/com.st.stm32cube.ide.mcu.externaltools.gnu-tools-for-stm32.9-2020-q2-update.linux64_1.5.0.202011040924/tools/bin/../lib/gcc/arm-none-eabi/9.3.1/../../../../arm-none-eabi/lib/thumb/v7e-m/nofp/libc_nano.a(lib_a-findfp.o)
 .ARM.attributes
                0x0000000000000502       0x2e /home/thanh/st/stm32cubeide_1.6.1_3/plugins/com.st.stm32cube.ide.mcu.externaltools.gnu-tools-for-stm32.9-2020-q2-update.linux64_1.5.0.202011040924/tools/bin/../lib/gcc/arm-none-eabi/9.3.1/../../../../arm-none-eabi/lib/thumb/v7e-m/nofp/libc_nano.a(lib_a-fprintf.o)
 .ARM.attributes
                0x0000000000000530       0x2e /home/thanh/st/stm32cubeide_1.6.1_3/plugins/com.st.stm32cube.ide.mcu.externaltools.gnu-tools-for-stm32.9-2020-q2-update.linux64_1.5.0.202011040924/tools/bin/../lib/gcc/arm-none-eabi/9.3.1/../../../../arm-none-eabi/lib/thumb/v7e-m/nofp/libc_nano.a(lib_a-fwalk.o)
 .ARM.attributes
                0x000000000000055e       0x2e /home/thanh/st/stm32cubeide_1.6.1_3/plugins/com.st.stm32cube.ide.mcu.externaltools.gnu-tools-for-stm32.9-2020-q2-update.linux64_1.5.0.202011040924/tools/bin/../lib/gcc/arm-none-eabi/9.3.1/../../../../arm-none-eabi/lib/thumb/v7e-m/nofp/libc_nano.a(lib_a-localeconv.o)
 .ARM.attributes
                0x000000000000058c       0x2e /home/thanh/st/stm32cubeide_1.6.1_3/plugins/com.st.stm32cube.ide.mcu.externaltools.gnu-tools-for-stm32.9-2020-q2-update.linux64_1.5.0.202011040924/tools/bin/../lib/gcc/arm-none-eabi/9.3.1/../../../../arm-none-eabi/lib/thumb/v7e-m/nofp/libc_nano.a(lib_a-lock.o)
 .ARM.attributes
                0x00000000000005ba       0x2e /home/thanh/st/stm32cubeide_1.6.1_3/plugins/com.st.stm32cube.ide.mcu.externaltools.gnu-tools-for-stm32.9-2020-q2-update.linux64_1.5.0.202011040924/tools/bin/../lib/gcc/arm-none-eabi/9.3.1/../../../../arm-none-eabi/lib/thumb/v7e-m/nofp/libc_nano.a(lib_a-makebuf.o)
 .ARM.attributes
                0x00000000000005e8       0x1c /home/thanh/st/stm32cubeide_1.6.1_3/plugins/com.st.stm32cube.ide.mcu.externaltools.gnu-tools-for-stm32.9-2020-q2-update.linux64_1.5.0.202011040924/tools/bin/../lib/gcc/arm-none-eabi/9.3.1/../../../../arm-none-eabi/lib/thumb/v7e-m/nofp/libc_nano.a(lib_a-memchr.o)
 .ARM.attributes
                0x0000000000000604       0x2e /home/thanh/st/stm32cubeide_1.6.1_3/plugins/com.st.stm32cube.ide.mcu.externaltools.gnu-tools-for-stm32.9-2020-q2-update.linux64_1.5.0.202011040924/tools/bin/../lib/gcc/arm-none-eabi/9.3.1/../../../../arm-none-eabi/lib/thumb/v7e-m/nofp/libc_nano.a(lib_a-memcpy-stub.o)
 .ARM.attributes
                0x0000000000000632       0x2e /home/thanh/st/stm32cubeide_1.6.1_3/plugins/com.st.stm32cube.ide.mcu.externaltools.gnu-tools-for-stm32.9-2020-q2-update.linux64_1.5.0.202011040924/tools/bin/../lib/gcc/arm-none-eabi/9.3.1/../../../../arm-none-eabi/lib/thumb/v7e-m/nofp/libc_nano.a(lib_a-mlock.o)
 .ARM.attributes
                0x0000000000000660       0x2e /home/thanh/st/stm32cubeide_1.6.1_3/plugins/com.st.stm32cube.ide.mcu.externaltools.gnu-tools-for-stm32.9-2020-q2-update.linux64_1.5.0.202011040924/tools/bin/../lib/gcc/arm-none-eabi/9.3.1/../../../../arm-none-eabi/lib/thumb/v7e-m/nofp/libc_nano.a(lib_a-mprec.o)
 .ARM.attributes
                0x000000000000068e       0x2e /home/thanh/st/stm32cubeide_1.6.1_3/plugins/com.st.stm32cube.ide.mcu.externaltools.gnu-tools-for-stm32.9-2020-q2-update.linux64_1.5.0.202011040924/tools/bin/../lib/gcc/arm-none-eabi/9.3.1/../../../../arm-none-eabi/lib/thumb/v7e-m/nofp/libc_nano.a(lib_a-nano-callocr.o)
 .ARM.attributes
                0x00000000000006bc       0x2e /home/thanh/st/stm32cubeide_1.6.1_3/plugins/com.st.stm32cube.ide.mcu.externaltools.gnu-tools-for-stm32.9-2020-q2-update.linux64_1.5.0.202011040924/tools/bin/../lib/gcc/arm-none-eabi/9.3.1/../../../../arm-none-eabi/lib/thumb/v7e-m/nofp/libc_nano.a(lib_a-nano-vfprintf.o)
 .ARM.attributes
                0x00000000000006ea       0x2e /home/thanh/st/stm32cubeide_1.6.1_3/plugins/com.st.stm32cube.ide.mcu.externaltools.gnu-tools-for-stm32.9-2020-q2-update.linux64_1.5.0.202011040924/tools/bin/../lib/gcc/arm-none-eabi/9.3.1/../../../../arm-none-eabi/lib/thumb/v7e-m/nofp/libc_nano.a(lib_a-reent.o)
 .ARM.attributes
                0x0000000000000718       0x2e /home/thanh/st/stm32cubeide_1.6.1_3/plugins/com.st.stm32cube.ide.mcu.externaltools.gnu-tools-for-stm32.9-2020-q2-update.linux64_1.5.0.202011040924/tools/bin/../lib/gcc/arm-none-eabi/9.3.1/../../../../arm-none-eabi/lib/thumb/v7e-m/nofp/libc_nano.a(lib_a-stdio.o)
 .ARM.attributes
                0x0000000000000746       0x2e /home/thanh/st/stm32cubeide_1.6.1_3/plugins/com.st.stm32cube.ide.mcu.externaltools.gnu-tools-for-stm32.9-2020-q2-update.linux64_1.5.0.202011040924/tools/bin/../lib/gcc/arm-none-eabi/9.3.1/../../../../arm-none-eabi/lib/thumb/v7e-m/nofp/libc_nano.a(lib_a-writer.o)
 .ARM.attributes
                0x0000000000000774       0x2e /home/thanh/st/stm32cubeide_1.6.1_3/plugins/com.st.stm32cube.ide.mcu.externaltools.gnu-tools-for-stm32.9-2020-q2-update.linux64_1.5.0.202011040924/tools/bin/../lib/gcc/arm-none-eabi/9.3.1/../../../../arm-none-eabi/lib/thumb/v7e-m/nofp/libc_nano.a(lib_a-abort.o)
 .ARM.attributes
                0x00000000000007a2       0x2e /home/thanh/st/stm32cubeide_1.6.1_3/plugins/com.st.stm32cube.ide.mcu.externaltools.gnu-tools-for-stm32.9-2020-q2-update.linux64_1.5.0.202011040924/tools/bin/../lib/gcc/arm-none-eabi/9.3.1/../../../../arm-none-eabi/lib/thumb/v7e-m/nofp/libc_nano.a(lib_a-closer.o)
 .ARM.attributes
                0x00000000000007d0       0x2e /home/thanh/st/stm32cubeide_1.6.1_3/plugins/com.st.stm32cube.ide.mcu.externaltools.gnu-tools-for-stm32.9-2020-q2-update.linux64_1.5.0.202011040924/tools/bin/../lib/gcc/arm-none-eabi/9.3.1/../../../../arm-none-eabi/lib/thumb/v7e-m/nofp/libc_nano.a(lib_a-ctype_.o)
 .ARM.attributes
                0x00000000000007fe       0x2e /home/thanh/st/stm32cubeide_1.6.1_3/plugins/com.st.stm32cube.ide.mcu.externaltools.gnu-tools-for-stm32.9-2020-q2-update.linux64_1.5.0.202011040924/tools/bin/../lib/gcc/arm-none-eabi/9.3.1/../../../../arm-none-eabi/lib/thumb/v7e-m/nofp/libc_nano.a(lib_a-fstatr.o)
 .ARM.attributes
                0x000000000000082c       0x2e /home/thanh/st/stm32cubeide_1.6.1_3/plugins/com.st.stm32cube.ide.mcu.externaltools.gnu-tools-for-stm32.9-2020-q2-update.linux64_1.5.0.202011040924/tools/bin/../lib/gcc/arm-none-eabi/9.3.1/../../../../arm-none-eabi/lib/thumb/v7e-m/nofp/libc_nano.a(lib_a-isattyr.o)
 .ARM.attributes
                0x000000000000085a       0x2e /home/thanh/st/stm32cubeide_1.6.1_3/plugins/com.st.stm32cube.ide.mcu.externaltools.gnu-tools-for-stm32.9-2020-q2-update.linux64_1.5.0.202011040924/tools/bin/../lib/gcc/arm-none-eabi/9.3.1/../../../../arm-none-eabi/lib/thumb/v7e-m/nofp/libc_nano.a(lib_a-locale.o)
 .ARM.attributes
                0x0000000000000888       0x2e /home/thanh/st/stm32cubeide_1.6.1_3/plugins/com.st.stm32cube.ide.mcu.externaltools.gnu-tools-for-stm32.9-2020-q2-update.linux64_1.5.0.202011040924/tools/bin/../lib/gcc/arm-none-eabi/9.3.1/../../../../arm-none-eabi/lib/thumb/v7e-m/nofp/libc_nano.a(lib_a-lseekr.o)
 .ARM.attributes
                0x00000000000008b6       0x2e /home/thanh/st/stm32cubeide_1.6.1_3/plugins/com.st.stm32cube.ide.mcu.externaltools.gnu-tools-for-stm32.9-2020-q2-update.linux64_1.5.0.202011040924/tools/bin/../lib/gcc/arm-none-eabi/9.3.1/../../../../arm-none-eabi/lib/thumb/v7e-m/nofp/libc_nano.a(lib_a-mbtowc_r.o)
 .ARM.attributes
                0x00000000000008e4       0x2e /home/thanh/st/stm32cubeide_1.6.1_3/plugins/com.st.stm32cube.ide.mcu.externaltools.gnu-tools-for-stm32.9-2020-q2-update.linux64_1.5.0.202011040924/tools/bin/../lib/gcc/arm-none-eabi/9.3.1/../../../../arm-none-eabi/lib/thumb/v7e-m/nofp/libc_nano.a(lib_a-readr.o)
 .ARM.attributes
                0x0000000000000912       0x2e /home/thanh/st/stm32cubeide_1.6.1_3/plugins/com.st.stm32cube.ide.mcu.externaltools.gnu-tools-for-stm32.9-2020-q2-update.linux64_1.5.0.202011040924/tools/bin/../lib/gcc/arm-none-eabi/9.3.1/../../../../arm-none-eabi/lib/thumb/v7e-m/nofp/libc_nano.a(lib_a-signal.o)
 .ARM.attributes
                0x0000000000000940       0x2e /home/thanh/st/stm32cubeide_1.6.1_3/plugins/com.st.stm32cube.ide.mcu.externaltools.gnu-tools-for-stm32.9-2020-q2-update.linux64_1.5.0.202011040924/tools/bin/../lib/gcc/arm-none-eabi/9.3.1/../../../../arm-none-eabi/lib/thumb/v7e-m/nofp/libc_nano.a(lib_a-signalr.o)
 .ARM.attributes
                0x000000000000096e       0x2e /home/thanh/st/stm32cubeide_1.6.1_3/plugins/com.st.stm32cube.ide.mcu.externaltools.gnu-tools-for-stm32.9-2020-q2-update.linux64_1.5.0.202011040924/tools/bin/../lib/gcc/arm-none-eabi/9.3.1/../../../../arm-none-eabi/lib/thumb/v7e-m/nofp/libc_nano.a(lib_a-wctomb_r.o)
 .ARM.attributes
                0x000000000000099c       0x1e /home/thanh/st/stm32cubeide_1.6.1_3/plugins/com.st.stm32cube.ide.mcu.externaltools.gnu-tools-for-stm32.9-2020-q2-update.linux64_1.5.0.202011040924/tools/bin/../lib/gcc/arm-none-eabi/9.3.1/thumb/v7e-m/nofp/libgcc.a(_arm_addsubdf3.o)
 .ARM.attributes
                0x00000000000009ba       0x1e /home/thanh/st/stm32cubeide_1.6.1_3/plugins/com.st.stm32cube.ide.mcu.externaltools.gnu-tools-for-stm32.9-2020-q2-update.linux64_1.5.0.202011040924/tools/bin/../lib/gcc/arm-none-eabi/9.3.1/thumb/v7e-m/nofp/libgcc.a(_arm_muldivdf3.o)
 .ARM.attributes
                0x00000000000009d8       0x1e /home/thanh/st/stm32cubeide_1.6.1_3/plugins/com.st.stm32cube.ide.mcu.externaltools.gnu-tools-for-stm32.9-2020-q2-update.linux64_1.5.0.202011040924/tools/bin/../lib/gcc/arm-none-eabi/9.3.1/thumb/v7e-m/nofp/libgcc.a(_arm_cmpdf2.o)
 .ARM.attributes
                0x00000000000009f6       0x1e /home/thanh/st/stm32cubeide_1.6.1_3/plugins/com.st.stm32cube.ide.mcu.externaltools.gnu-tools-for-stm32.9-2020-q2-update.linux64_1.5.0.202011040924/tools/bin/../lib/gcc/arm-none-eabi/9.3.1/thumb/v7e-m/nofp/libgcc.a(_arm_unorddf2.o)
 .ARM.attributes
                0x0000000000000a14       0x1e /home/thanh/st/stm32cubeide_1.6.1_3/plugins/com.st.stm32cube.ide.mcu.externaltools.gnu-tools-for-stm32.9-2020-q2-update.linux64_1.5.0.202011040924/tools/bin/../lib/gcc/arm-none-eabi/9.3.1/thumb/v7e-m/nofp/libgcc.a(_arm_fixdfsi.o)
 .ARM.attributes
                0x0000000000000a32       0x2e /home/thanh/st/stm32cubeide_1.6.1_3/plugins/com.st.stm32cube.ide.mcu.externaltools.gnu-tools-for-stm32.9-2020-q2-update.linux64_1.5.0.202011040924/tools/bin/../lib/gcc/arm-none-eabi/9.3.1/../../../../arm-none-eabi/lib/thumb/v7e-m/nofp/libnosys.a(close.o)
 .ARM.attributes
                0x0000000000000a60       0x2e /home/thanh/st/stm32cubeide_1.6.1_3/plugins/com.st.stm32cube.ide.mcu.externaltools.gnu-tools-for-stm32.9-2020-q2-update.linux64_1.5.0.202011040924/tools/bin/../lib/gcc/arm-none-eabi/9.3.1/../../../../arm-none-eabi/lib/thumb/v7e-m/nofp/libnosys.a(fstat.o)
 .ARM.attributes
                0x0000000000000a8e       0x2e /home/thanh/st/stm32cubeide_1.6.1_3/plugins/com.st.stm32cube.ide.mcu.externaltools.gnu-tools-for-stm32.9-2020-q2-update.linux64_1.5.0.202011040924/tools/bin/../lib/gcc/arm-none-eabi/9.3.1/../../../../arm-none-eabi/lib/thumb/v7e-m/nofp/libnosys.a(getpid.o)
 .ARM.attributes
                0x0000000000000abc       0x2e /home/thanh/st/stm32cubeide_1.6.1_3/plugins/com.st.stm32cube.ide.mcu.externaltools.gnu-tools-for-stm32.9-2020-q2-update.linux64_1.5.0.202011040924/tools/bin/../lib/gcc/arm-none-eabi/9.3.1/../../../../arm-none-eabi/lib/thumb/v7e-m/nofp/libnosys.a(isatty.o)
 .ARM.attributes
                0x0000000000000aea       0x2e /home/thanh/st/stm32cubeide_1.6.1_3/plugins/com.st.stm32cube.ide.mcu.externaltools.gnu-tools-for-stm32.9-2020-q2-update.linux64_1.5.0.202011040924/tools/bin/../lib/gcc/arm-none-eabi/9.3.1/../../../../arm-none-eabi/lib/thumb/v7e-m/nofp/libnosys.a(kill.o)
 .ARM.attributes
                0x0000000000000b18       0x2e /home/thanh/st/stm32cubeide_1.6.1_3/plugins/com.st.stm32cube.ide.mcu.externaltools.gnu-tools-for-stm32.9-2020-q2-update.linux64_1.5.0.202011040924/tools/bin/../lib/gcc/arm-none-eabi/9.3.1/../../../../arm-none-eabi/lib/thumb/v7e-m/nofp/libnosys.a(lseek.o)
 .ARM.attributes
                0x0000000000000b46       0x2e /home/thanh/st/stm32cubeide_1.6.1_3/plugins/com.st.stm32cube.ide.mcu.externaltools.gnu-tools-for-stm32.9-2020-q2-update.linux64_1.5.0.202011040924/tools/bin/../lib/gcc/arm-none-eabi/9.3.1/../../../../arm-none-eabi/lib/thumb/v7e-m/nofp/libnosys.a(read.o)
 .ARM.attributes
                0x0000000000000b74       0x2e /home/thanh/st/stm32cubeide_1.6.1_3/plugins/com.st.stm32cube.ide.mcu.externaltools.gnu-tools-for-stm32.9-2020-q2-update.linux64_1.5.0.202011040924/tools/bin/../lib/gcc/arm-none-eabi/9.3.1/../../../../arm-none-eabi/lib/thumb/v7e-m/nofp/libnosys.a(sbrk.o)
 .ARM.attributes
                0x0000000000000ba2       0x2e /home/thanh/st/stm32cubeide_1.6.1_3/plugins/com.st.stm32cube.ide.mcu.externaltools.gnu-tools-for-stm32.9-2020-q2-update.linux64_1.5.0.202011040924/tools/bin/../lib/gcc/arm-none-eabi/9.3.1/../../../../arm-none-eabi/lib/thumb/v7e-m/nofp/libnosys.a(_exit.o)
 .ARM.attributes
                0x0000000000000bd0       0x1e /home/thanh/st/stm32cubeide_1.6.1_3/plugins/com.st.stm32cube.ide.mcu.externaltools.gnu-tools-for-stm32.9-2020-q2-update.linux64_1.5.0.202011040924/tools/bin/../lib/gcc/arm-none-eabi/9.3.1/thumb/v7e-m/nofp/crtn.o
OUTPUT(STM32F411_CMSIS_.elf elf32-littlearm)
LOAD linker stubs
LOAD /home/thanh/st/stm32cubeide_1.6.1_3/plugins/com.st.stm32cube.ide.mcu.externaltools.gnu-tools-for-stm32.9-2020-q2-update.linux64_1.5.0.202011040924/tools/bin/../lib/gcc/arm-none-eabi/9.3.1/../../../../arm-none-eabi/lib/thumb/v7e-m/nofp/libc.a
LOAD /home/thanh/st/stm32cubeide_1.6.1_3/plugins/com.st.stm32cube.ide.mcu.externaltools.gnu-tools-for-stm32.9-2020-q2-update.linux64_1.5.0.202011040924/tools/bin/../lib/gcc/arm-none-eabi/9.3.1/../../../../arm-none-eabi/lib/thumb/v7e-m/nofp/libm.a
LOAD /home/thanh/st/stm32cubeide_1.6.1_3/plugins/com.st.stm32cube.ide.mcu.externaltools.gnu-tools-for-stm32.9-2020-q2-update.linux64_1.5.0.202011040924/tools/bin/../lib/gcc/arm-none-eabi/9.3.1/thumb/v7e-m/nofp/libgcc.a

.debug_info     0x0000000000000000     0x8fa9
 .debug_info    0x0000000000000000     0x131d Core/Src/main.o
 .debug_info    0x000000000000131d      0xa9f Core/Src/print_redirect.o
 .debug_info    0x0000000000001dbc      0x3b7 Core/Src/system_stm32f4xx.o
 .debug_info    0x0000000000002173     0x1413 Peripheral/Src/adc1.o
 .debug_info    0x0000000000003586      0xfed Peripheral/Src/exti.o
 .debug_info    0x0000000000004573      0xdc6 Peripheral/Src/gpio.o
 .debug_info    0x0000000000005339     0x12a4 Peripheral/Src/rcc.o
 .debug_info    0x00000000000065dd     0x14c2 Peripheral/Src/spi.o
 .debug_info    0x0000000000007a9f     0x14e8 Peripheral/Src/usart.o
 .debug_info    0x0000000000008f87       0x22 Startup/startup_stm32f411vetx.o

.debug_abbrev   0x0000000000000000     0x16a4
 .debug_abbrev  0x0000000000000000      0x2aa Core/Src/main.o
 .debug_abbrev  0x00000000000002aa      0x1ea Core/Src/print_redirect.o
 .debug_abbrev  0x0000000000000494      0x129 Core/Src/system_stm32f4xx.o
 .debug_abbrev  0x00000000000005bd      0x367 Peripheral/Src/adc1.o
 .debug_abbrev  0x0000000000000924      0x24c Peripheral/Src/exti.o
 .debug_abbrev  0x0000000000000b70      0x22f Peripheral/Src/gpio.o
 .debug_abbrev  0x0000000000000d9f      0x2dc Peripheral/Src/rcc.o
 .debug_abbrev  0x000000000000107b      0x304 Peripheral/Src/spi.o
 .debug_abbrev  0x000000000000137f      0x313 Peripheral/Src/usart.o
 .debug_abbrev  0x0000000000001692       0x12 Startup/startup_stm32f411vetx.o

.debug_aranges  0x0000000000000000      0x310
 .debug_aranges
                0x0000000000000000       0x68 Core/Src/main.o
 .debug_aranges
                0x0000000000000068       0x28 Core/Src/print_redirect.o
 .debug_aranges
                0x0000000000000090       0x28 Core/Src/system_stm32f4xx.o
 .debug_aranges
                0x00000000000000b8       0x88 Peripheral/Src/adc1.o
 .debug_aranges
                0x0000000000000140       0x30 Peripheral/Src/exti.o
 .debug_aranges
                0x0000000000000170       0x50 Peripheral/Src/gpio.o
 .debug_aranges
                0x00000000000001c0       0x60 Peripheral/Src/rcc.o
 .debug_aranges
                0x0000000000000220       0x58 Peripheral/Src/spi.o
 .debug_aranges
                0x0000000000000278       0x70 Peripheral/Src/usart.o
 .debug_aranges
                0x00000000000002e8       0x28 Startup/startup_stm32f411vetx.o

.debug_ranges   0x0000000000000000      0x278
 .debug_ranges  0x0000000000000000       0x58 Core/Src/main.o
 .debug_ranges  0x0000000000000058       0x18 Core/Src/print_redirect.o
 .debug_ranges  0x0000000000000070       0x18 Core/Src/system_stm32f4xx.o
 .debug_ranges  0x0000000000000088       0x78 Peripheral/Src/adc1.o
 .debug_ranges  0x0000000000000100       0x20 Peripheral/Src/exti.o
 .debug_ranges  0x0000000000000120       0x40 Peripheral/Src/gpio.o
 .debug_ranges  0x0000000000000160       0x50 Peripheral/Src/rcc.o
 .debug_ranges  0x00000000000001b0       0x48 Peripheral/Src/spi.o
 .debug_ranges  0x00000000000001f8       0x60 Peripheral/Src/usart.o
 .debug_ranges  0x0000000000000258       0x20 Startup/startup_stm32f411vetx.o

.debug_macro    0x0000000000000000    0x10601
 .debug_macro   0x0000000000000000      0x348 Core/Src/main.o
 .debug_macro   0x0000000000000348      0xa96 Core/Src/main.o
 .debug_macro   0x0000000000000dde       0x2e Core/Src/main.o
 .debug_macro   0x0000000000000e0c       0x28 Core/Src/main.o
 .debug_macro   0x0000000000000e34       0x22 Core/Src/main.o
 .debug_macro   0x0000000000000e56       0x8e Core/Src/main.o
 .debug_macro   0x0000000000000ee4       0x51 Core/Src/main.o
 .debug_macro   0x0000000000000f35      0x103 Core/Src/main.o
 .debug_macro   0x0000000000001038       0x6a Core/Src/main.o
 .debug_macro   0x00000000000010a2      0x1df Core/Src/main.o
 .debug_macro   0x0000000000001281       0x1c Core/Src/main.o