17:14:30 **** Incremental Build of configuration Debug for project test2 ****
make -j8 all 
arm-none-eabi-gcc "../Core/Src/main.c" -mcpu=cortex-m4 -std=gnu11 -g3 -DDEBUG -DUSE_HAL_DRIVER -DSTM32F411xE -c -I../USB_HOST/App -I../USB_HOST/Target -I../Core/Inc -I../Drivers/STM32F4xx_HAL_Driver/Inc -I../Drivers/STM32F4xx_HAL_Driver/Inc/Legacy -I../Middlewares/ST/STM32_USB_Host_Library/Core/Inc -I../Middlewares/ST/STM32_USB_Host_Library/Class/CDC/Inc -I../Drivers/CMSIS/Device/ST/STM32F4xx/Include -I../Drivers/CMSIS/Include -O0 -ffunction-sections -fdata-sections -Wall -fstack-usage -MMD -MP -MF"Core/Src/main.d" -MT"Core/Src/main.o" --specs=nano.specs -mfpu=fpv4-sp-d16 -mfloat-abi=soft -mthumb -o "Core/Src/main.o"
arm-none-eabi-gcc -o "test2.elf" @"objects.list"   -mcpu=cortex-m4 -T"/home/thanh/STM32CubeIDE/workspace_1.6.1/test2/STM32F411VETX_FLASH.ld" --specs=nosys.specs -Wl,-Map="test2.map" -Wl,--gc-sections -static --specs=nano.specs -mfpu=fpv4-sp-d16 -mfloat-abi=soft -mthumb -u _printf_float -Wl,--start-group -lc -lm -Wl,--end-group
Finished building target: test2.elf
 
arm-none-eabi-objdump -h -S  test2.elf  > "test2.list"
arm-none-eabi-objcopy  -O binary  test2.elf  "test2.bin"
arm-none-eabi-size   test2.elf 
   text	   data	    bss	    dec	    hex	filename
  32864	    484	   2468	  35816	   8be8	test2.elf
Finished building: default.size.stdout
 
Finished building: test2.bin
 
Finished building: test2.list
 

17:14:31 Build Finished. 0 errors, 0 warnings. (took 930ms)

